
 Start Length Name Class
 0001:00401000 0001BD762H _TEXT                  CODE
 0002:005BF000 0002C5A48H _DATA                  DATA
 0003:00884A48 000006A4CH _BSS                   BSS
 0004:00000000 00000009CH _TLS                   TLS


Detailed map of segments
 0001:00000630 00000155 C=CODE    S=_TEXT    G=(none)   M=C:\BCC\BCC7\LIB\C0W32.OBJ ACBP=A9
 0001:00000788 00000354 C=CODE    S=_TEXT    G=(none)   M=C:\ALANIT\DEVELOP\PUCHERO\OBJ\MAIN.OBJ ACBP=A9
 0001:00000ADC 0000012D C=CODE    S=_TEXT    G=(none)   M=C:\ALANIT\DEVELOP\PUCHERO\OBJ\PACCION.OBJ ACBP=A9
 0001:00000C0C 000001BD C=CODE    S=_TEXT    G=(none)   M=C:\ALANIT\DEVELOP\PUCHERO\OBJ\PALIMENT.OBJ ACBP=A9
 0001:00000DCC 000001A5 C=CODE    S=_TEXT    G=(none)   M=C:\ALANIT\DEVELOP\PUCHERO\OBJ\PAUTOR.OBJ ACBP=A9
 0001:00000F74 0000015D C=CODE    S=_TEXT    G=(none)   M=C:\ALANIT\DEVELOP\PUCHERO\OBJ\PDIETAS.OBJ ACBP=A9
 0001:000010D4 000000B2 C=CODE    S=_TEXT    G=(none)   M=C:\ALANIT\DEVELOP\PUCHERO\OBJ\PESCANDA.OBJ ACBP=A9
 0001:00001188 0000018D C=CODE    S=_TEXT    G=(none)   M=C:\ALANIT\DEVELOP\PUCHERO\OBJ\PFRANCES.OBJ ACBP=A9
 0001:00001318 00000175 C=CODE    S=_TEXT    G=(none)   M=C:\ALANIT\DEVELOP\PUCHERO\OBJ\PGRUPOS.OBJ ACBP=A9
 0001:00001490 00000175 C=CODE    S=_TEXT    G=(none)   M=C:\ALANIT\DEVELOP\PUCHERO\OBJ\PINGREDI.OBJ ACBP=A9
 0001:00001608 000001D5 C=CODE    S=_TEXT    G=(none)   M=C:\ALANIT\DEVELOP\PUCHERO\OBJ\PMENUS.OBJ ACBP=A9
 0001:000017E0 0000021D C=CODE    S=_TEXT    G=(none)   M=C:\ALANIT\DEVELOP\PUCHERO\OBJ\PMENUSEM.OBJ ACBP=A9
 0001:00001A00 000001A5 C=CODE    S=_TEXT    G=(none)   M=C:\ALANIT\DEVELOP\PUCHERO\OBJ\PPLATOS.OBJ ACBP=A9
 0001:00001BA8 0000018D C=CODE    S=_TEXT    G=(none)   M=C:\ALANIT\DEVELOP\PUCHERO\OBJ\PPROVEED.OBJ ACBP=A9
 0001:00001D38 000001A5 C=CODE    S=_TEXT    G=(none)   M=C:\ALANIT\DEVELOP\PUCHERO\OBJ\PPUBLICA.OBJ ACBP=A9
 0001:00001EE0 000004D5 C=CODE    S=_TEXT    G=(none)   M=C:\ALANIT\DEVELOP\PUCHERO\OBJ\PRECETAS.OBJ ACBP=A9
 0001:000023B8 0000015D C=CODE    S=_TEXT    G=(none)   M=C:\ALANIT\DEVELOP\PUCHERO\OBJ\PUBICACI.OBJ ACBP=A9
 0001:00002518 000001BD C=CODE    S=_TEXT    G=(none)   M=C:\ALANIT\DEVELOP\PUCHERO\OBJ\PVALORAC.OBJ ACBP=A9
 0001:000026D8 0000018A C=CODE    S=_TEXT    G=(none)   M=C:\ALANIT\DEVELOP\PUCHERO\OBJ\C5BMP.OBJ ACBP=A9
 0001:00002864 00000112 C=CODE    S=_TEXT    G=(none)   M=C:\ALANIT\DEVELOP\PUCHERO\OBJ\C5IMGLIS.OBJ ACBP=A9
 0001:00002978 000000B2 C=CODE    S=_TEXT    G=(none)   M=C:\ALANIT\DEVELOP\PUCHERO\OBJ\C5TIP.OBJ ACBP=A9
 0001:00002A2C 00000260 C=CODE    S=_TEXT    G=(none)   M=C:\ALANIT\DEVELOP\PUCHERO\OBJ\C5VITEM.OBJ ACBP=A9
 0001:00002C8C 000003CD C=CODE    S=_TEXT    G=(none)   M=C:\ALANIT\DEVELOP\PUCHERO\OBJ\C5VMENU.OBJ ACBP=A9
 0001:0000305C 00000172 C=CODE    S=_TEXT    G=(none)   M=C:\ALANIT\DEVELOP\PUCHERO\OBJ\ERRSYSW.OBJ ACBP=A9
 0001:000031D0 000003FD C=CODE    S=_TEXT    G=(none)   M=C:\ALANIT\DEVELOP\PUCHERO\OBJ\RPREVIEW.OBJ ACBP=A9
 0001:000035D0 000000CA C=CODE    S=_TEXT    G=(none)   M=C:\ALANIT\DEVELOP\PUCHERO\OBJ\RTFFILE.OBJ ACBP=A9
 0001:0000369C 000001BA C=CODE    S=_TEXT    G=(none)   M=C:\ALANIT\DEVELOP\PUCHERO\OBJ\TABS.OBJ ACBP=A9
 0001:00003858 000001C2 C=CODE    S=_TEXT    G=(none)   M=C:\ALANIT\DEVELOP\PUCHERO\OBJ\TAGEVER2.OBJ ACBP=A9
 0001:00003A1C 0000024D C=CODE    S=_TEXT    G=(none)   M=C:\ALANIT\DEVELOP\PUCHERO\OBJ\TAUTOGET.OBJ ACBP=A9
 0001:00003C6C 000000B2 C=CODE    S=_TEXT    G=(none)   M=C:\ALANIT\DEVELOP\PUCHERO\OBJ\TFSDI.OBJ ACBP=A9
 0001:00003D20 0000015D C=CODE    S=_TEXT    G=(none)   M=C:\ALANIT\DEVELOP\PUCHERO\OBJ\TINFORME.OBJ ACBP=A9
 0001:00003E80 00000082 C=CODE    S=_TEXT    G=(none)   M=C:\ALANIT\DEVELOP\PUCHERO\OBJ\TIPS.OBJ ACBP=A9
 0001:00003F04 0000012A C=CODE    S=_TEXT    G=(none)   M=C:\ALANIT\DEVELOP\PUCHERO\OBJ\TSAYREF.OBJ ACBP=A9
 0001:00004030 0000006A C=CODE    S=_TEXT    G=(none)   M=C:\ALANIT\DEVELOP\PUCHERO\OBJ\TZOOMIMAGE.OBJ ACBP=A9
 0001:0000409C 000000CA C=CODE    S=_TEXT    G=(none)   M=C:\ALANIT\DEVELOP\PUCHERO\OBJ\UT_BRW.OBJ ACBP=A9
 0001:00004168 000000CA C=CODE    S=_TEXT    G=(none)   M=C:\ALANIT\DEVELOP\PUCHERO\OBJ\UT_CALEND.OBJ ACBP=A9
 0001:00004234 000002F2 C=CODE    S=_TEXT    G=(none)   M=C:\ALANIT\DEVELOP\PUCHERO\OBJ\UT_COMMON.OBJ ACBP=A9
 0001:00004528 000000E2 C=CODE    S=_TEXT    G=(none)   M=C:\ALANIT\DEVELOP\PUCHERO\OBJ\UT_DBF.OBJ ACBP=A9
 0001:0000460C 00000145 C=CODE    S=_TEXT    G=(none)   M=C:\ALANIT\DEVELOP\PUCHERO\OBJ\UT_INDEX.OBJ ACBP=A9
 0001:00004754 0000012D C=CODE    S=_TEXT    G=(none)   M=C:\ALANIT\DEVELOP\PUCHERO\OBJ\UT_OVERRIDE.OBJ ACBP=A9
 0001:00004884 000000CA C=CODE    S=_TEXT    G=(none)   M=C:\ALANIT\DEVELOP\PUCHERO\OBJ\ZIPBACKUP.OBJ ACBP=A9
 0001:00004950 000002C2 C=CODE    S=_TEXT    G=(none)   M=C:\FIVETECH\FWH1701\LIB\FILEXLS.LIB|TFILEXLS ACBP=A9
 0001:00004C14 0000003A C=CODE    S=_TEXT    G=(none)   M=C:\FIVETECH\FWH1701\LIB\FILEXLS.LIB|XLSERROR ACBP=A9
 0001:00004C50 00000202 C=CODE    S=_TEXT    G=(none)   M=C:\FIVETECH\FWH1701\LIB\FILEXLS.LIB|XLSFUNC ACBP=A9
 0001:00004E54 000001EA C=CODE    S=_TEXT    G=(none)   M=C:\FIVETECH\FWH1905\LIB\FIVEH.LIB|ACTIVEX ACBP=A9
 0001:00005040 0000078D C=CODE    S=_TEXT    G=(none)   M=C:\FIVETECH\FWH1905\LIB\FIVEH.LIB|ADOFUNCS ACBP=A9
 0001:000057D0 00000082 C=CODE    S=_TEXT    G=(none)   M=C:\FIVETECH\FWH1905\LIB\FIVEH.LIB|ALERT ACBP=A9
 0001:00005854 0000030D C=CODE    S=_TEXT    G=(none)   M=C:\FIVETECH\FWH1905\LIB\FIVEH.LIB|BAR ACBP=A9
 0001:00005B64 0000039D C=CODE    S=_TEXT    G=(none)   M=C:\FIVETECH\FWH1905\LIB\FIVEH.LIB|BITMAP ACBP=A9
 0001:00005F04 000001D5 C=CODE    S=_TEXT    G=(none)   M=C:\FIVETECH\FWH1905\LIB\FIVEH.LIB|BRUSH ACBP=A9
 0001:000060DC 000003E5 C=CODE    S=_TEXT    G=(none)   M=C:\FIVETECH\FWH1905\LIB\FIVEH.LIB|BTNBMP ACBP=A9
 0001:000064C4 0000015A C=CODE    S=_TEXT    G=(none)   M=C:\FIVETECH\FWH1905\LIB\FIVEH.LIB|BUTTON ACBP=A9
 0001:00006620 000000FA C=CODE    S=_TEXT    G=(none)   M=C:\FIVETECH\FWH1905\LIB\FIVEH.LIB|BUTTONB ACBP=A9
 0001:0000671C 0000006A C=CODE    S=_TEXT    G=(none)   M=C:\FIVETECH\FWH1905\LIB\FIVEH.LIB|CALLSTAC ACBP=A9
 0001:00006788 0000033D C=CODE    S=_TEXT    G=(none)   M=C:\FIVETECH\FWH1905\LIB\FIVEH.LIB|C5LIB ACBP=A9
 0001:00006AC8 000001A2 C=CODE    S=_TEXT    G=(none)   M=C:\FIVETECH\FWH1905\LIB\FIVEH.LIB|CHECKBOX ACBP=A9
 0001:00006C6C 00000148 C=CODE    S=_TEXT    G=(none)   M=C:\FIVETECH\FWH1905\LIB\FIVEH.LIB|CHECKRES ACBP=A9
 0001:00006DB4 000001B3 C=CODE    S=_TEXT    G=(none)   M=C:\FIVETECH\FWH1905\LIB\FIVEH.LIB|CLIPBRD ACBP=A9
 0001:00006F68 0000039D C=CODE    S=_TEXT    G=(none)   M=C:\FIVETECH\FWH1905\LIB\FIVEH.LIB|COMBOBOX ACBP=A9
 0001:00007308 0000048D C=CODE    S=_TEXT    G=(none)   M=C:\FIVETECH\FWH1905\LIB\FIVEH.LIB|CONTROL ACBP=A9
 0001:00007798 00000082 C=CODE    S=_TEXT    G=(none)   M=C:\FIVETECH\FWH1905\LIB\FIVEH.LIB|CURSOR ACBP=A9
 0001:0000781C 00000625 C=CODE    S=_TEXT    G=(none)   M=C:\FIVETECH\FWH1905\LIB\FIVEH.LIB|DATAROW ACBP=A9
 0001:00007E44 00000202 C=CODE    S=_TEXT    G=(none)   M=C:\FIVETECH\FWH1905\LIB\FIVEH.LIB|DBCOMBO ACBP=A9
 0001:00008048 000000E2 C=CODE    S=_TEXT    G=(none)   M=C:\FIVETECH\FWH1905\LIB\FIVEH.LIB|DBFFUNC1 ACBP=A9
 0001:0000812C 0000023B C=CODE    S=_TEXT    G=(none)   M=C:\FIVETECH\FWH1905\LIB\FIVEH.LIB|DBFFUNC2 ACBP=A9
 0001:00008368 00000052 C=CODE    S=_TEXT    G=(none)   M=C:\FIVETECH\FWH1905\LIB\FIVEH.LIB|DBFFUNC9 ACBP=A9
 0001:000083BC 000000B2 C=CODE    S=_TEXT    G=(none)   M=C:\FIVETECH\FWH1905\LIB\FIVEH.LIB|DBTOOLS ACBP=A9
 0001:00008470 000000CA C=CODE    S=_TEXT    G=(none)   M=C:\FIVETECH\FWH1905\LIB\FIVEH.LIB|DDE ACBP=A9
 0001:0000853C 000002F5 C=CODE    S=_TEXT    G=(none)   M=C:\FIVETECH\FWH1905\LIB\FIVEH.LIB|DIALOG ACBP=A9
 0001:00008834 00000082 C=CODE    S=_TEXT    G=(none)   M=C:\FIVETECH\FWH1905\LIB\FIVEH.LIB|DLGFIND ACBP=A9
 0001:000088B8 00000082 C=CODE    S=_TEXT    G=(none)   M=C:\FIVETECH\FWH1905\LIB\FIVEH.LIB|DLGS32 ACBP=A9
 0001:0000893C 00000142 C=CODE    S=_TEXT    G=(none)   M=C:\FIVETECH\FWH1905\LIB\FIVEH.LIB|DOSTOFWH ACBP=A9
 0001:00008A80 0000006A C=CODE    S=_TEXT    G=(none)   M=C:\FIVETECH\FWH1905\LIB\FIVEH.LIB|DRAWBMP ACBP=A9
 0001:00008AEC 00000172 C=CODE    S=_TEXT    G=(none)   M=C:\FIVETECH\FWH1905\LIB\FIVEH.LIB|EDIT ACBP=A9
 0001:00008C60 0000006A C=CODE    S=_TEXT    G=(none)   M=C:\FIVETECH\FWH1905\LIB\FIVEH.LIB|ETC ACBP=A9
 0001:00008CCC 00000ABD C=CODE    S=_TEXT    G=(none)   M=C:\FIVETECH\FWH1905\LIB\FIVEH.LIB|FGET ACBP=A9
 0001:0000978C 00000292 C=CODE    S=_TEXT    G=(none)   M=C:\FIVETECH\FWH1905\LIB\FIVEH.LIB|FILENAME ACBP=A9
 0001:00009A20 00000082 C=CODE    S=_TEXT    G=(none)   M=C:\FIVETECH\FWH1905\LIB\FIVEH.LIB|FLINE ACBP=A9
 0001:00009AA4 00000265 C=CODE    S=_TEXT    G=(none)   M=C:\FIVETECH\FWH1905\LIB\FIVEH.LIB|FOLDER ACBP=A9
 0001:00009D0C 00000265 C=CODE    S=_TEXT    G=(none)   M=C:\FIVETECH\FWH1905\LIB\FIVEH.LIB|FONT ACBP=A9
 0001:00009F74 000001D2 C=CODE    S=_TEXT    G=(none)   M=C:\FIVETECH\FWH1905\LIB\FIVEH.LIB|FWBARCOD ACBP=A9
 0001:0000A148 000000FA C=CODE    S=_TEXT    G=(none)   M=C:\FIVETECH\FWH1905\LIB\FIVEH.LIB|FWDECODE ACBP=A9
 0001:0000A244 0000006A C=CODE    S=_TEXT    G=(none)   M=C:\FIVETECH\FWH1905\LIB\FIVEH.LIB|FWERROR ACBP=A9
 0001:0000A2B0 00000462 C=CODE    S=_TEXT    G=(none)   M=C:\FIVETECH\FWH1905\LIB\FIVEH.LIB|GETSYSIN ACBP=A9
 0001:0000A714 000000E2 C=CODE    S=_TEXT    G=(none)   M=C:\FIVETECH\FWH1905\LIB\FIVEH.LIB|GETTASKS ACBP=A9
 0001:0000A7F8 000000FA C=CODE    S=_TEXT    G=(none)   M=C:\FIVETECH\FWH1905\LIB\FIVEH.LIB|GROUP ACBP=A9
 0001:0000A8F4 000000E2 C=CODE    S=_TEXT    G=(none)   M=C:\FIVETECH\FWH1905\LIB\FIVEH.LIB|GTF ACBP=A9
 0001:0000A9D8 00000435 C=CODE    S=_TEXT    G=(none)   M=C:\FIVETECH\FWH1905\LIB\FIVEH.LIB|HARBOUR ACBP=A9
 0001:0000AE10 0000012A C=CODE    S=_TEXT    G=(none)   M=C:\FIVETECH\FWH1905\LIB\FIVEH.LIB|HELP32 ACBP=A9
 0001:0000AF3C 0000035B C=CODE    S=_TEXT    G=(none)   M=C:\FIVETECH\FWH1905\LIB\FIVEH.LIB|HELPCHM ACBP=A9
 0001:0000B298 00000112 C=CODE    S=_TEXT    G=(none)   M=C:\FIVETECH\FWH1905\LIB\FIVEH.LIB|ICON ACBP=A9
 0001:0000B3AC 0000042D C=CODE    S=_TEXT    G=(none)   M=C:\FIVETECH\FWH1905\LIB\FIVEH.LIB|IMAGE ACBP=A9
 0001:0000B7DC 00000505 C=CODE    S=_TEXT    G=(none)   M=C:\FIVETECH\FWH1905\LIB\FIVEH.LIB|IMGTXTIO ACBP=A9
 0001:0000BCE4 000000CA C=CODE    S=_TEXT    G=(none)   M=C:\FIVETECH\FWH1905\LIB\FIVEH.LIB|INI ACBP=A9
 0001:0000BDB0 0000009A C=CODE    S=_TEXT    G=(none)   M=C:\FIVETECH\FWH1905\LIB\FIVEH.LIB|INTERNET ACBP=A9
 0001:0000BE4C 0000018A C=CODE    S=_TEXT    G=(none)   M=C:\FIVETECH\FWH1905\LIB\FIVEH.LIB|LINKLIST ACBP=A9
 0001:0000BFD8 0000027D C=CODE    S=_TEXT    G=(none)   M=C:\FIVETECH\FWH1905\LIB\FIVEH.LIB|LISTBOX ACBP=A9
 0001:0000C258 00000112 C=CODE    S=_TEXT    G=(none)   M=C:\FIVETECH\FWH1905\LIB\FIVEH.LIB|LONGNAM2 ACBP=A9
 0001:0000C36C 00000115 C=CODE    S=_TEXT    G=(none)   M=C:\FIVETECH\FWH1905\LIB\FIVEH.LIB|MDICHILD ACBP=A9
 0001:0000C484 00000112 C=CODE    S=_TEXT    G=(none)   M=C:\FIVETECH\FWH1905\LIB\FIVEH.LIB|MDICLIEN ACBP=A9
 0001:0000C598 000000FA C=CODE    S=_TEXT    G=(none)   M=C:\FIVETECH\FWH1905\LIB\FIVEH.LIB|MDIFRAME ACBP=A9
 0001:0000C694 0000018D C=CODE    S=_TEXT    G=(none)   M=C:\FIVETECH\FWH1905\LIB\FIVEH.LIB|MEMOEDIT ACBP=A9
 0001:0000C824 000004ED C=CODE    S=_TEXT    G=(none)   M=C:\FIVETECH\FWH1905\LIB\FIVEH.LIB|MENU ACBP=A9
 0001:0000CD14 000001ED C=CODE    S=_TEXT    G=(none)   M=C:\FIVETECH\FWH1905\LIB\FIVEH.LIB|MENUITEM ACBP=A9
 0001:0000CF04 0000033D C=CODE    S=_TEXT    G=(none)   M=C:\FIVETECH\FWH1905\LIB\FIVEH.LIB|MGET ACBP=A9
 0001:0000D244 000002DD C=CODE    S=_TEXT    G=(none)   M=C:\FIVETECH\FWH1905\LIB\FIVEH.LIB|MSGBAR ACBP=A9
 0001:0000D524 0000006A C=CODE    S=_TEXT    G=(none)   M=C:\FIVETECH\FWH1905\LIB\FIVEH.LIB|MSGGET ACBP=A9
 0001:0000D590 0000009A C=CODE    S=_TEXT    G=(none)   M=C:\FIVETECH\FWH1905\LIB\FIVEH.LIB|MSGRUN ACBP=A9
 0001:0000D62C 00000262 C=CODE    S=_TEXT    G=(none)   M=C:\FIVETECH\FWH1905\LIB\FIVEH.LIB|PGSUPORT ACBP=A9
 0001:0000D890 0000003A C=CODE    S=_TEXT    G=(none)   M=C:\FIVETECH\FWH1905\LIB\FIVEH.LIB|ODATA ACBP=A9
 0001:0000D8CC 000001EA C=CODE    S=_TEXT    G=(none)   M=C:\FIVETECH\FWH1905\LIB\FIVEH.LIB|OLEFUNCS ACBP=A9
 0001:0000DAB8 000002C5 C=CODE    S=_TEXT    G=(none)   M=C:\FIVETECH\FWH1905\LIB\FIVEH.LIB|PDMENU ACBP=A9
 0001:0000DD80 0000009A C=CODE    S=_TEXT    G=(none)   M=C:\FIVETECH\FWH1905\LIB\FIVEH.LIB|PDREPORT ACBP=A9
 0001:0000DE1C 0000006A C=CODE    S=_TEXT    G=(none)   M=C:\FIVETECH\FWH1905\LIB\FIVEH.LIB|PEN ACBP=A9
 0001:0000DE88 000003B5 C=CODE    S=_TEXT    G=(none)   M=C:\FIVETECH\FWH1905\LIB\FIVEH.LIB|PRINTER ACBP=A9
 0001:0000E240 0000052A C=CODE    S=_TEXT    G=(none)   M=C:\FIVETECH\FWH1905\LIB\FIVEH.LIB|PRV2PDF ACBP=A9
 0001:0000E76C 000001A2 C=CODE    S=_TEXT    G=(none)   M=C:\FIVETECH\FWH1905\LIB\FIVEH.LIB|RADIO ACBP=A9
 0001:0000E910 00000142 C=CODE    S=_TEXT    G=(none)   M=C:\FIVETECH\FWH1905\LIB\FIVEH.LIB|RADMENU ACBP=A9
 0001:0000EA54 0000015D C=CODE    S=_TEXT    G=(none)   M=C:\FIVETECH\FWH1905\LIB\FIVEH.LIB|RCOLUMN ACBP=A9
 0001:0000EBB4 00000082 C=CODE    S=_TEXT    G=(none)   M=C:\FIVETECH\FWH1905\LIB\FIVEH.LIB|REBAR ACBP=A9
 0001:0000EC38 0000012A C=CODE    S=_TEXT    G=(none)   M=C:\FIVETECH\FWH1905\LIB\FIVEH.LIB|RECT ACBP=A9
 0001:0000ED64 000000CA C=CODE    S=_TEXT    G=(none)   M=C:\FIVETECH\FWH1905\LIB\FIVEH.LIB|REG32 ACBP=A9
 0001:0000EE30 00000325 C=CODE    S=_TEXT    G=(none)   M=C:\FIVETECH\FWH1905\LIB\FIVEH.LIB|REPORT ACBP=A9
 0001:0000F158 0000009A C=CODE    S=_TEXT    G=(none)   M=C:\FIVETECH\FWH1905\LIB\FIVEH.LIB|RFILE ACBP=A9
 0001:0000F1F4 000000E2 C=CODE    S=_TEXT    G=(none)   M=C:\FIVETECH\FWH1905\LIB\FIVEH.LIB|RGROUP ACBP=A9
 0001:0000F2D8 000000E2 C=CODE    S=_TEXT    G=(none)   M=C:\FIVETECH\FWH1905\LIB\FIVEH.LIB|RLINE ACBP=A9
 0001:0000F3BC 00000142 C=CODE    S=_TEXT    G=(none)   M=C:\FIVETECH\FWH1905\LIB\FIVEH.LIB|SAY ACBP=A9
 0001:0000F500 00000A5D C=CODE    S=_TEXT    G=(none)   M=C:\FIVETECH\FWH1905\LIB\FIVEH.LIB|SCINTILA ACBP=A9
 0001:0000FF60 000000FA C=CODE    S=_TEXT    G=(none)   M=C:\FIVETECH\FWH1905\LIB\FIVEH.LIB|SCRLLBAR ACBP=A9
 0001:0001005C 0000024D C=CODE    S=_TEXT    G=(none)   M=C:\FIVETECH\FWH1905\LIB\FIVEH.LIB|SCRLPANL ACBP=A9
 0001:000102AC 000000CA C=CODE    S=_TEXT    G=(none)   M=C:\FIVETECH\FWH1905\LIB\FIVEH.LIB|SHELLAPI ACBP=A9
 0001:00010378 000001D5 C=CODE    S=_TEXT    G=(none)   M=C:\FIVETECH\FWH1905\LIB\FIVEH.LIB|SPLITTER ACBP=A9
 0001:00010550 0000015A C=CODE    S=_TEXT    G=(none)   M=C:\FIVETECH\FWH1905\LIB\FIVEH.LIB|STATUSBA ACBP=A9
 0001:000106AC 00000172 C=CODE    S=_TEXT    G=(none)   M=C:\FIVETECH\FWH1905\LIB\FIVEH.LIB|STRINGS ACBP=A9
 0001:00010820 000000CA C=CODE    S=_TEXT    G=(none)   M=C:\FIVETECH\FWH1905\LIB\FIVEH.LIB|TACCTBL ACBP=A9
 0001:000108EC 0000033D C=CODE    S=_TEXT    G=(none)   M=C:\FIVETECH\FWH1905\LIB\FIVEH.LIB|TCALENDA ACBP=A9
 0001:00010C2C 0000006A C=CODE    S=_TEXT    G=(none)   M=C:\FIVETECH\FWH1905\LIB\FIVEH.LIB|TCLIPGET ACBP=A9
 0001:00010C98 00000142 C=CODE    S=_TEXT    G=(none)   M=C:\FIVETECH\FWH1905\LIB\FIVEH.LIB|TDTPICKE ACBP=A9
 0001:00010DDC 00000172 C=CODE    S=_TEXT    G=(none)   M=C:\FIVETECH\FWH1905\LIB\FIVEH.LIB|TFILE ACBP=A9
 0001:00010F50 000000CA C=CODE    S=_TEXT    G=(none)   M=C:\FIVETECH\FWH1905\LIB\FIVEH.LIB|TFTP ACBP=A9
 0001:0001101C 000000FA C=CODE    S=_TEXT    G=(none)   M=C:\FIVETECH\FWH1905\LIB\FIVEH.LIB|TFTPFILE ACBP=A9
 0001:00011118 0000066D C=CODE    S=_TEXT    G=(none)   M=C:\FIVETECH\FWH1905\LIB\FIVEH.LIB|TGDIPLUS ACBP=A9
 0001:00011788 000005C5 C=CODE    S=_TEXT    G=(none)   M=C:\FIVETECH\FWH1905\LIB\FIVEH.LIB|TGET ACBP=A9
 0001:00011D50 000000B2 C=CODE    S=_TEXT    G=(none)   M=C:\FIVETECH\FWH1905\LIB\FIVEH.LIB|TIMAGLST ACBP=A9
 0001:00011E04 000000B2 C=CODE    S=_TEXT    G=(none)   M=C:\FIVETECH\FWH1905\LIB\FIVEH.LIB|TIMER ACBP=A9
 0001:00011EB8 000001EA C=CODE    S=_TEXT    G=(none)   M=C:\FIVETECH\FWH1905\LIB\FIVEH.LIB|TLISTVIE ACBP=A9
 0001:000120A4 00000082 C=CODE    S=_TEXT    G=(none)   M=C:\FIVETECH\FWH1905\LIB\FIVEH.LIB|TMAIL ACBP=A9
 0001:00012128 000001D0 C=CODE    S=_TEXT    G=(none)   M=C:\FIVETECH\FWH1905\LIB\FIVEH.LIB|TMETAFIL ACBP=A9
 0001:000122F8 00000145 C=CODE    S=_TEXT    G=(none)   M=C:\FIVETECH\FWH1905\LIB\FIVEH.LIB|TMSGITEM ACBP=A9
 0001:00012440 00000142 C=CODE    S=_TEXT    G=(none)   M=C:\FIVETECH\FWH1905\LIB\FIVEH.LIB|TOOLBAR ACBP=A9
 0001:00012584 000000CA C=CODE    S=_TEXT    G=(none)   M=C:\FIVETECH\FWH1905\LIB\FIVEH.LIB|TPANEL ACBP=A9
 0001:00012650 00000112 C=CODE    S=_TEXT    G=(none)   M=C:\FIVETECH\FWH1905\LIB\FIVEH.LIB|TPROGRES ACBP=A9
 0001:00012764 000003B5 C=CODE    S=_TEXT    G=(none)   M=C:\FIVETECH\FWH1905\LIB\FIVEH.LIB|TRECSET ACBP=A9
 0001:00012B1C 00000232 C=CODE    S=_TEXT    G=(none)   M=C:\FIVETECH\FWH1905\LIB\FIVEH.LIB|TREEITEM ACBP=A9
 0001:00012D50 000000B2 C=CODE    S=_TEXT    G=(none)   M=C:\FIVETECH\FWH1905\LIB\FIVEH.LIB|TREES ACBP=A9
 0001:00012E04 000005DD C=CODE    S=_TEXT    G=(none)   M=C:\FIVETECH\FWH1905\LIB\FIVEH.LIB|TRICHEDI ACBP=A9
 0001:000133E4 00000865 C=CODE    S=_TEXT    G=(none)   M=C:\FIVETECH\FWH1905\LIB\FIVEH.LIB|TRICHED5 ACBP=A9
 0001:00013C4C 000000E2 C=CODE    S=_TEXT    G=(none)   M=C:\FIVETECH\FWH1905\LIB\FIVEH.LIB|TSTRUCT ACBP=A9
 0001:00013D30 0000018D C=CODE    S=_TEXT    G=(none)   M=C:\FIVETECH\FWH1905\LIB\FIVEH.LIB|TSWITCH ACBP=A9
 0001:00013EC0 0000015A C=CODE    S=_TEXT    G=(none)   M=C:\FIVETECH\FWH1905\LIB\FIVEH.LIB|TTMPICKE ACBP=A9
 0001:0001401C 0000021A C=CODE    S=_TEXT    G=(none)   M=C:\FIVETECH\FWH1905\LIB\FIVEH.LIB|TTREEVIE ACBP=A9
 0001:00014238 00000112 C=CODE    S=_TEXT    G=(none)   M=C:\FIVETECH\FWH1905\LIB\FIVEH.LIB|TTVITEM ACBP=A9
 0001:0001434C 0000018A C=CODE    S=_TEXT    G=(none)   M=C:\FIVETECH\FWH1905\LIB\FIVEH.LIB|TTXTFILE ACBP=A9
 0001:000144D8 000001A8 C=CODE    S=_TEXT    G=(none)   M=C:\FIVETECH\FWH1905\LIB\FIVEH.LIB|VALBLANK ACBP=A9
 0001:00014680 00000C16 C=CODE    S=_TEXT    G=(none)   M=C:\FIVETECH\FWH1905\LIB\FIVEH.LIB|VALTOSTR ACBP=A9
 0001:00015298 000000F5 C=CODE    S=_TEXT    G=(none)   M=C:\FIVETECH\FWH1905\LIB\FIVEH.LIB|VALTOSTT ACBP=A9
 0001:00015390 00000C9D C=CODE    S=_TEXT    G=(none)   M=C:\FIVETECH\FWH1905\LIB\FIVEH.LIB|WINDOW ACBP=A9
 0001:00016030 00000292 C=CODE    S=_TEXT    G=(none)   M=C:\FIVETECH\FWH1905\LIB\FIVEH.LIB|WININET ACBP=A9
 0001:000162C4 0000003A C=CODE    S=_TEXT    G=(none)   M=C:\FIVETECH\FWH1905\LIB\FIVEH.LIB|WQOUT ACBP=A9
 0001:00016300 00001CD5 C=CODE    S=_TEXT    G=(none)   M=C:\FIVETECH\FWH1905\LIB\FIVEH.LIB|XBROWSE ACBP=A9
 0001:00017FD8 000000B5 C=CODE    S=_TEXT    G=(none)   M=C:\FIVETECH\FWH1905\LIB\FIVEH.LIB|XBROWSER ACBP=A9
 0001:00018090 00000849 C=CODE    S=_TEXT    G=(none)   M=C:\FIVETECH\FWH1905\LIB\FIVEH.LIB|XIMAGE ACBP=A9
 0001:000188DC 000000CA C=CODE    S=_TEXT    G=(none)   M=C:\FIVETECH\FWH1905\LIB\FIVEH.LIB|XMLVIEW ACBP=A9
 0001:000189A8 0000007D C=CODE    S=_TEXT    G=(none)   M=C:\FIVETECH\FWH1905\LIB\FIVEHC.LIB|__WNDPRO ACBP=A9
 0001:00018A28 00000157 C=CODE    S=_TEXT    G=(none)   M=C:\FIVETECH\FWH1905\LIB\FIVEHC.LIB|BMPREAD ACBP=A9
 0001:00018B80 0000018F C=CODE    S=_TEXT    G=(none)   M=C:\FIVETECH\FWH1905\LIB\FIVEHC.LIB|FFDLGPRC ACBP=A9
 0001:00018D10 00000184 C=CODE    S=_TEXT    G=(none)   M=C:\FIVETECH\FWH1905\LIB\FIVEHC.LIB|FFWNDRUN ACBP=A9
 0001:00018E94 0000025E C=CODE    S=_TEXT    G=(none)   M=C:\FIVETECH\FWH1905\LIB\FIVEHC.LIB|HARBOURC ACBP=A9
 0001:000190F4 000000D5 C=CODE    S=_TEXT    G=(none)   M=C:\FIVETECH\FWH1905\LIB\FIVEHC.LIB|REBARS ACBP=A9
 0001:000191CC 00000212 C=CODE    S=_TEXT    G=(none)   M=C:\FIVETECH\FWH1905\LIB\FIVEHC.LIB|SYSREFRE ACBP=A9
 0001:000193E0 000003B6 C=CODE    S=_TEXT    G=(none)   M=C:\FIVETECH\FWH1905\LIB\FIVEHC.LIB|TOOLBARS ACBP=A9
 0001:00019798 00000228 C=CODE    S=_TEXT    G=(none)   M=C:\FIVETECH\FWH1905\LIB\FIVEHC.LIB|WNDRUN ACBP=A9
 0001:000199C0 00000098 C=CODE    S=_TEXT    G=(none)   M=C:\FIVETECH\FWH1905\LIB\FIVEHC.LIB|XPROC ACBP=A9
 0001:00019A58 00000461 C=CODE    S=_TEXT    G=(none)   M=C:\FIVETECH\FWH1905\LIB\FIVEHC.LIB|DLGBOX ACBP=A9
 0001:00019EBC 00001734 C=CODE    S=_TEXT    G=(none)   M=C:\FIVETECH\FWH1905\LIB\FIVEHC.LIB|CTLHDLEH ACBP=A9
 0001:0001B5F0 000016F8 C=CODE    S=_TEXT    G=(none)   M=C:\FIVETECH\FWH1905\LIB\FIVEHC.LIB|ACTX ACBP=A9
 0001:0001CCE8 00005E0C C=CODE    S=_TEXT    G=(none)   M=C:\FIVETECH\FWH1905\LIB\FIVEHC.LIB|GDIPFWH ACBP=A9
 0001:00022AF4 000060C2 C=CODE    S=_TEXT    G=(none)   M=C:\FIVETECH\FWH1905\LIB\FIVEHC.LIB|GDIPLUS ACBP=A9
 0001:00028B94 000000D7 C=CODE    S=_TEXT    G=(none)   M=C:\FIVETECH\FWH1905\LIB\FIVEHC.LIB|AAT ACBP=A9
 0001:00028C6C 000001B4 C=CODE    S=_TEXT    G=(none)   M=C:\FIVETECH\FWH1905\LIB\FIVEHC.LIB|ACCELERA ACBP=A9
 0001:00028E20 00000071 C=CODE    S=_TEXT    G=(none)   M=C:\FIVETECH\FWH1905\LIB\FIVEHC.LIB|ATOM ACBP=A9
 0001:00028E94 000000AD C=CODE    S=_TEXT    G=(none)   M=C:\FIVETECH\FWH1905\LIB\FIVEHC.LIB|B2BIN ACBP=A9
 0001:00028F44 00000391 C=CODE    S=_TEXT    G=(none)   M=C:\FIVETECH\FWH1905\LIB\FIVEHC.LIB|BARTOOLS ACBP=A9
 0001:000292D8 00000544 C=CODE    S=_TEXT    G=(none)   M=C:\FIVETECH\FWH1905\LIB\FIVEHC.LIB|BITMAPS ACBP=A9
 0001:0002981C 00000F40 C=CODE    S=_TEXT    G=(none)   M=C:\FIVETECH\FWH1905\LIB\FIVEHC.LIB|BMPDRAW ACBP=A9
 0001:0002A75C 0000012F C=CODE    S=_TEXT    G=(none)   M=C:\FIVETECH\FWH1905\LIB\FIVEHC.LIB|BMPS ACBP=A9
 0001:0002A88C 00001AAF C=CODE    S=_TEXT    G=(none)   M=C:\FIVETECH\FWH1905\LIB\FIVEHC.LIB|BRUSHES ACBP=A9
 0001:0002C33C 000047BB C=CODE    S=_TEXT    G=(none)   M=C:\FIVETECH\FWH1905\LIB\FIVEHC.LIB|C5CNEW ACBP=A9
 0001:00030AF8 000001CC C=CODE    S=_TEXT    G=(none)   M=C:\FIVETECH\FWH1905\LIB\FIVEHC.LIB|CALDLL32 ACBP=A9
 0001:00030CC4 0000056B C=CODE    S=_TEXT    G=(none)   M=C:\FIVETECH\FWH1905\LIB\FIVEHC.LIB|CALLDLL ACBP=A9
 0001:00031230 000004AC C=CODE    S=_TEXT    G=(none)   M=C:\FIVETECH\FWH1905\LIB\FIVEHC.LIB|CALENDAR ACBP=A9
 0001:000316DC 000000B3 C=CODE    S=_TEXT    G=(none)   M=C:\FIVETECH\FWH1905\LIB\FIVEHC.LIB|CARET ACBP=A9
 0001:00031790 00000068 C=CODE    S=_TEXT    G=(none)   M=C:\FIVETECH\FWH1905\LIB\FIVEHC.LIB|CHANGEPR ACBP=A9
 0001:000317F8 000002B0 C=CODE    S=_TEXT    G=(none)   M=C:\FIVETECH\FWH1905\LIB\FIVEHC.LIB|CLPBRD ACBP=A9
 0001:00031AA8 0000012E C=CODE    S=_TEXT    G=(none)   M=C:\FIVETECH\FWH1905\LIB\FIVEHC.LIB|CLRCHOOS ACBP=A9
 0001:00031BD8 00000104 C=CODE    S=_TEXT    G=(none)   M=C:\FIVETECH\FWH1905\LIB\FIVEHC.LIB|CLT2SCR ACBP=A9
 0001:00031CDC 000002B5 C=CODE    S=_TEXT    G=(none)   M=C:\FIVETECH\FWH1905\LIB\FIVEHC.LIB|CODEGTF ACBP=A9
 0001:00031F94 00000914 C=CODE    S=_TEXT    G=(none)   M=C:\FIVETECH\FWH1905\LIB\FIVEHC.LIB|COLOR ACBP=A9
 0001:000328A8 00000373 C=CODE    S=_TEXT    G=(none)   M=C:\FIVETECH\FWH1905\LIB\FIVEHC.LIB|COLORTON ACBP=A9
 0001:00032C1C 0000002C C=CODE    S=_TEXT    G=(none)   M=C:\FIVETECH\FWH1905\LIB\FIVEHC.LIB|CREATEPA ACBP=A9
 0001:00032C48 0000002C C=CODE    S=_TEXT    G=(none)   M=C:\FIVETECH\FWH1905\LIB\FIVEHC.LIB|CREATEPE ACBP=A9
 0001:00032C74 00000096 C=CODE    S=_TEXT    G=(none)   M=C:\FIVETECH\FWH1905\LIB\FIVEHC.LIB|CREATESO ACBP=A9
 0001:00032D0C 000000D6 C=CODE    S=_TEXT    G=(none)   M=C:\FIVETECH\FWH1905\LIB\FIVEHC.LIB|CREATWND ACBP=A9
 0001:00032DE4 000002FE C=CODE    S=_TEXT    G=(none)   M=C:\FIVETECH\FWH1905\LIB\FIVEHC.LIB|CTL3D ACBP=A9
 0001:000330E4 000001E4 C=CODE    S=_TEXT    G=(none)   M=C:\FIVETECH\FWH1905\LIB\FIVEHC.LIB|CTRL2CHR ACBP=A9
 0001:000332C8 00000775 C=CODE    S=_TEXT    G=(none)   M=C:\FIVETECH\FWH1905\LIB\FIVEHC.LIB|CTRLDRAW ACBP=A9
 0001:00033A40 00000ACC C=CODE    S=_TEXT    G=(none)   M=C:\FIVETECH\FWH1905\LIB\FIVEHC.LIB|CURSORS ACBP=A9
 0001:0003450C 00000113 C=CODE    S=_TEXT    G=(none)   M=C:\FIVETECH\FWH1905\LIB\FIVEHC.LIB|DATEPICK ACBP=A9
 0001:00034620 0000014F C=CODE    S=_TEXT    G=(none)   M=C:\FIVETECH\FWH1905\LIB\FIVEHC.LIB|DATETIME ACBP=A9
 0001:00034770 0000072E C=CODE    S=_TEXT    G=(none)   M=C:\FIVETECH\FWH1905\LIB\FIVEHC.LIB|DC ACBP=A9
 0001:00034EA0 0000007A C=CODE    S=_TEXT    G=(none)   M=C:\FIVETECH\FWH1905\LIB\FIVEHC.LIB|DDEXC ACBP=A9
 0001:00034F1C 00000070 C=CODE    S=_TEXT    G=(none)   M=C:\FIVETECH\FWH1905\LIB\FIVEHC.LIB|DELOBJEC ACBP=A9
 0001:00034F8C 000000A1 C=CODE    S=_TEXT    G=(none)   M=C:\FIVETECH\FWH1905\LIB\FIVEHC.LIB|DESKTOP ACBP=A9
 0001:00035030 0000021D C=CODE    S=_TEXT    G=(none)   M=C:\FIVETECH\FWH1905\LIB\FIVEHC.LIB|DEVICE ACBP=A9
 0001:00035250 00000558 C=CODE    S=_TEXT    G=(none)   M=C:\FIVETECH\FWH1905\LIB\FIVEHC.LIB|DIB ACBP=A9
 0001:000357A8 000003C9 C=CODE    S=_TEXT    G=(none)   M=C:\FIVETECH\FWH1905\LIB\FIVEHC.LIB|DIBBMP ACBP=A9
 0001:00035B74 000001E0 C=CODE    S=_TEXT    G=(none)   M=C:\FIVETECH\FWH1905\LIB\FIVEHC.LIB|DLG2CHR ACBP=A9
 0001:00035D54 00000034 C=CODE    S=_TEXT    G=(none)   M=C:\FIVETECH\FWH1905\LIB\FIVEHC.LIB|DLL ACBP=A9
 0001:00035D88 000002E3 C=CODE    S=_TEXT    G=(none)   M=C:\FIVETECH\FWH1905\LIB\FIVEHC.LIB|DLOGBOX ACBP=A9
 0001:0003606C 000002B5 C=CODE    S=_TEXT    G=(none)   M=C:\FIVETECH\FWH1905\LIB\FIVEHC.LIB|DOTS ACBP=A9
 0001:00036324 00000661 C=CODE    S=_TEXT    G=(none)   M=C:\FIVETECH\FWH1905\LIB\FIVEHC.LIB|DRAWING ACBP=A9
 0001:00036988 00000106 C=CODE    S=_TEXT    G=(none)   M=C:\FIVETECH\FWH1905\LIB\FIVEHC.LIB|DRAWITEM ACBP=A9
 0001:00036A90 000000D8 C=CODE    S=_TEXT    G=(none)   M=C:\FIVETECH\FWH1905\LIB\FIVEHC.LIB|DRIVES ACBP=A9
 0001:00036B68 000000E8 C=CODE    S=_TEXT    G=(none)   M=C:\FIVETECH\FWH1905\LIB\FIVEHC.LIB|DROPFILE ACBP=A9
 0001:00036C50 0000025C C=CODE    S=_TEXT    G=(none)   M=C:\FIVETECH\FWH1905\LIB\FIVEHC.LIB|FGETCLIP ACBP=A9
 0001:00036EAC 00001395 C=CODE    S=_TEXT    G=(none)   M=C:\FIVETECH\FWH1905\LIB\FIVEHC.LIB|FGETLINE ACBP=A9
 0001:00038244 000000A9 C=CODE    S=_TEXT    G=(none)   M=C:\FIVETECH\FWH1905\LIB\FIVEHC.LIB|FINDTEXT ACBP=A9
 0001:000382F0 00000BD2 C=CODE    S=_TEXT    G=(none)   M=C:\FIVETECH\FWH1905\LIB\FIVEHC.LIB|FONTS ACBP=A9
 0001:00038EC4 000002DF C=CODE    S=_TEXT    G=(none)   M=C:\FIVETECH\FWH1905\LIB\FIVEHC.LIB|FTEXT ACBP=A9
 0001:000391A4 00000556 C=CODE    S=_TEXT    G=(none)   M=C:\FIVETECH\FWH1905\LIB\FIVEHC.LIB|FWARRAY ACBP=A9
 0001:000396FC 00001B69 C=CODE    S=_TEXT    G=(none)   M=C:\FIVETECH\FWH1905\LIB\FIVEHC.LIB|FWBMP ACBP=A9
 0001:0003B268 000002DA C=CODE    S=_TEXT    G=(none)   M=C:\FIVETECH\FWH1905\LIB\FIVEHC.LIB|FWPALCTL ACBP=A9
 0001:0003B544 000001E1 C=CODE    S=_TEXT    G=(none)   M=C:\FIVETECH\FWH1905\LIB\FIVEHC.LIB|FWSTR ACBP=A9
 0001:0003B728 00000298 C=CODE    S=_TEXT    G=(none)   M=C:\FIVETECH\FWH1905\LIB\FIVEHC.LIB|GETDIR ACBP=A9
 0001:0003B9C0 0000006C C=CODE    S=_TEXT    G=(none)   M=C:\FIVETECH\FWH1905\LIB\FIVEHC.LIB|GETDLGIT ACBP=A9
 0001:0003BA2C 00000844 C=CODE    S=_TEXT    G=(none)   M=C:\FIVETECH\FWH1905\LIB\FIVEHC.LIB|GETFILE ACBP=A9
 0001:0003C270 000000DF C=CODE    S=_TEXT    G=(none)   M=C:\FIVETECH\FWH1905\LIB\FIVEHC.LIB|GETPROCA ACBP=A9
 0001:0003C350 0000005E C=CODE    S=_TEXT    G=(none)   M=C:\FIVETECH\FWH1905\LIB\FIVEHC.LIB|GETSTKOB ACBP=A9
 0001:0003C3B0 0000027B C=CODE    S=_TEXT    G=(none)   M=C:\FIVETECH\FWH1905\LIB\FIVEHC.LIB|GETTEXT ACBP=A9
 0001:0003C62C 0000018B C=CODE    S=_TEXT    G=(none)   M=C:\FIVETECH\FWH1905\LIB\FIVEHC.LIB|GETTEXTW ACBP=A9
 0001:0003C7B8 000000C4 C=CODE    S=_TEXT    G=(none)   M=C:\FIVETECH\FWH1905\LIB\FIVEHC.LIB|GETWND ACBP=A9
 0001:0003C87C 000004AA C=CODE    S=_TEXT    G=(none)   M=C:\FIVETECH\FWH1905\LIB\FIVEHC.LIB|HANDLIST ACBP=A9
 0001:0003CD28 0000026E C=CODE    S=_TEXT    G=(none)   M=C:\FIVETECH\FWH1905\LIB\FIVEHC.LIB|HELP ACBP=A9
 0001:0003CF98 000000EA C=CODE    S=_TEXT    G=(none)   M=C:\FIVETECH\FWH1905\LIB\FIVEHC.LIB|HEX2DEC ACBP=A9
 0001:0003D084 000000D4 C=CODE    S=_TEXT    G=(none)   M=C:\FIVETECH\FWH1905\LIB\FIVEHC.LIB|HILOWORD ACBP=A9
 0001:0003D158 00000CA2 C=CODE    S=_TEXT    G=(none)   M=C:\FIVETECH\FWH1905\LIB\FIVEHC.LIB|ICONS ACBP=A9
 0001:0003DDFC 000001FF C=CODE    S=_TEXT    G=(none)   M=C:\FIVETECH\FWH1905\LIB\FIVEHC.LIB|IMAGELIS ACBP=A9
 0001:0003DFFC 00000119 C=CODE    S=_TEXT    G=(none)   M=C:\FIVETECH\FWH1905\LIB\FIVEHC.LIB|INSTANCE ACBP=A9
 0001:0003E118 000001F9 C=CODE    S=_TEXT    G=(none)   M=C:\FIVETECH\FWH1905\LIB\FIVEHC.LIB|KEYBRD ACBP=A9
 0001:0003E314 00000123 C=CODE    S=_TEXT    G=(none)   M=C:\FIVETECH\FWH1905\LIB\FIVEHC.LIB|LBX ACBP=A9
 0001:0003E438 00000526 C=CODE    S=_TEXT    G=(none)   M=C:\FIVETECH\FWH1905\LIB\FIVEHC.LIB|LISTVIEW ACBP=A9
 0001:0003E960 000000B1 C=CODE    S=_TEXT    G=(none)   M=C:\FIVETECH\FWH1905\LIB\FIVEHC.LIB|LOADBMP ACBP=A9
 0001:0003EA14 00000034 C=CODE    S=_TEXT    G=(none)   M=C:\FIVETECH\FWH1905\LIB\FIVEHC.LIB|MAKELONG ACBP=A9
 0001:0003EA48 00000F19 C=CODE    S=_TEXT    G=(none)   M=C:\FIVETECH\FWH1905\LIB\FIVEHC.LIB|MAPI ACBP=A9
 0001:0003F964 00000240 C=CODE    S=_TEXT    G=(none)   M=C:\FIVETECH\FWH1905\LIB\FIVEHC.LIB|MDI ACBP=A9
 0001:0003FBA4 000001BE C=CODE    S=_TEXT    G=(none)   M=C:\FIVETECH\FWH1905\LIB\FIVEHC.LIB|MEM ACBP=A9
 0001:0003FD64 00002DAF C=CODE    S=_TEXT    G=(none)   M=C:\FIVETECH\FWH1905\LIB\FIVEHC.LIB|MENUDRAW ACBP=A9
 0001:00042B14 00000855 C=CODE    S=_TEXT    G=(none)   M=C:\FIVETECH\FWH1905\LIB\FIVEHC.LIB|MENUS ACBP=A9
 0001:0004336C 000002B8 C=CODE    S=_TEXT    G=(none)   M=C:\FIVETECH\FWH1905\LIB\FIVEHC.LIB|METAFI32 ACBP=A9
 0001:00043624 0000032E C=CODE    S=_TEXT    G=(none)   M=C:\FIVETECH\FWH1905\LIB\FIVEHC.LIB|METAFILE ACBP=A9
 0001:00043954 00000181 C=CODE    S=_TEXT    G=(none)   M=C:\FIVETECH\FWH1905\LIB\FIVEHC.LIB|MGETCREA ACBP=A9
 0001:00043AD8 00000293 C=CODE    S=_TEXT    G=(none)   M=C:\FIVETECH\FWH1905\LIB\FIVEHC.LIB|MKDIR ACBP=A9
 0001:00043D6C 00000069 C=CODE    S=_TEXT    G=(none)   M=C:\FIVETECH\FWH1905\LIB\FIVEHC.LIB|MOVETO ACBP=A9
 0001:00043DD8 0000001F C=CODE    S=_TEXT    G=(none)   M=C:\FIVETECH\FWH1905\LIB\FIVEHC.LIB|MSGBEEP ACBP=A9
 0001:00043DF8 000005D7 C=CODE    S=_TEXT    G=(none)   M=C:\FIVETECH\FWH1905\LIB\FIVEHC.LIB|MSGS ACBP=A9
 0001:000443D0 000003B6 C=CODE    S=_TEXT    G=(none)   M=C:\FIVETECH\FWH1905\LIB\FIVEHC.LIB|MSGSAPI ACBP=A9
 0001:00044788 0000040C C=CODE    S=_TEXT    G=(none)   M=C:\FIVETECH\FWH1905\LIB\FIVEHC.LIB|MSGTOOLS ACBP=A9
 0001:00044B94 00000A02 C=CODE    S=_TEXT    G=(none)   M=C:\FIVETECH\FWH1905\LIB\FIVEHC.LIB|NONCLIENT ACBP=A9
 0001:00045598 0000006D C=CODE    S=_TEXT    G=(none)   M=C:\FIVETECH\FWH1905\LIB\FIVEHC.LIB|NOTIFY ACBP=A9
 0001:00045608 000001D5 C=CODE    S=_TEXT    G=(none)   M=C:\FIVETECH\FWH1905\LIB\FIVEHC.LIB|OEMANSI ACBP=A9
 0001:000457E0 00000079 C=CODE    S=_TEXT    G=(none)   M=C:\FIVETECH\FWH1905\LIB\FIVEHC.LIB|ONOFFBMP ACBP=A9
 0001:0004585C 000001EF C=CODE    S=_TEXT    G=(none)   M=C:\FIVETECH\FWH1905\LIB\FIVEHC.LIB|OR ACBP=A9
 0001:00045A4C 00000058 C=CODE    S=_TEXT    G=(none)   M=C:\FIVETECH\FWH1905\LIB\FIVEHC.LIB|PAINT ACBP=A9
 0001:00045AA4 0000005C C=CODE    S=_TEXT    G=(none)   M=C:\FIVETECH\FWH1905\LIB\FIVEHC.LIB|PEEKMSG ACBP=A9
 0001:00045B00 00000C84 C=CODE    S=_TEXT    G=(none)   M=C:\FIVETECH\FWH1905\LIB\FIVEHC.LIB|PRINTDC ACBP=A9
 0001:00046784 00000215 C=CODE    S=_TEXT    G=(none)   M=C:\FIVETECH\FWH1905\LIB\FIVEHC.LIB|PROFILE ACBP=A9
 0001:0004699C 0000074F C=CODE    S=_TEXT    G=(none)   M=C:\FIVETECH\FWH1905\LIB\FIVEHC.LIB|RECTS ACBP=A9
 0001:000470EC 0000010D C=CODE    S=_TEXT    G=(none)   M=C:\FIVETECH\FWH1905\LIB\FIVEHC.LIB|REGCLASS ACBP=A9
 0001:000471FC 00000391 C=CODE    S=_TEXT    G=(none)   M=C:\FIVETECH\FWH1905\LIB\FIVEHC.LIB|REGEDIT ACBP=A9
 0001:00047590 0000039C C=CODE    S=_TEXT    G=(none)   M=C:\FIVETECH\FWH1905\LIB\FIVEHC.LIB|REGIONS ACBP=A9
 0001:0004792C 000002B5 C=CODE    S=_TEXT    G=(none)   M=C:\FIVETECH\FWH1905\LIB\FIVEHC.LIB|RESOURCE ACBP=A9
 0001:00047BE4 00001A15 C=CODE    S=_TEXT    G=(none)   M=C:\FIVETECH\FWH1905\LIB\FIVEHC.LIB|RIBBON ACBP=A9
 0001:000495FC 0000212C C=CODE    S=_TEXT    G=(none)   M=C:\FIVETECH\FWH1905\LIB\FIVEHC.LIB|RICHEDIT ACBP=A9
 0001:0004B728 0000365E C=CODE    S=_TEXT    G=(none)   M=C:\FIVETECH\FWH1905\LIB\FIVEHC.LIB|RICHEDI5 ACBP=A9
 0001:0004ED88 000003CA C=CODE    S=_TEXT    G=(none)   M=C:\FIVETECH\FWH1905\LIB\FIVEHC.LIB|SAVEICON ACBP=A9
 0001:0004F154 00000A59 C=CODE    S=_TEXT    G=(none)   M=C:\FIVETECH\FWH1905\LIB\FIVEHC.LIB|SCINTILC ACBP=A9
 0001:0004FBB0 000001EC C=CODE    S=_TEXT    G=(none)   M=C:\FIVETECH\FWH1905\LIB\FIVEHC.LIB|SCROLL ACBP=A9
 0001:0004FD9C 00000023 C=CODE    S=_TEXT    G=(none)   M=C:\FIVETECH\FWH1905\LIB\FIVEHC.LIB|SELOBJEC ACBP=A9
 0001:0004FDC0 0000001A C=CODE    S=_TEXT    G=(none)   M=C:\FIVETECH\FWH1905\LIB\FIVEHC.LIB|SETHANDL ACBP=A9
 0001:0004FDDC 00000057 C=CODE    S=_TEXT    G=(none)   M=C:\FIVETECH\FWH1905\LIB\FIVEHC.LIB|SETMAPMO ACBP=A9
 0001:0004FE34 0000005B C=CODE    S=_TEXT    G=(none)   M=C:\FIVETECH\FWH1905\LIB\FIVEHC.LIB|SETTEXT ACBP=A9
 0001:0004FE90 000002CC C=CODE    S=_TEXT    G=(none)   M=C:\FIVETECH\FWH1905\LIB\FIVEHC.LIB|STRTOKEN ACBP=A9
 0001:0005015C 000002B1 C=CODE    S=_TEXT    G=(none)   M=C:\FIVETECH\FWH1905\LIB\FIVEHC.LIB|TABCTRL ACBP=A9
 0001:00050410 000002DB C=CODE    S=_TEXT    G=(none)   M=C:\FIVETECH\FWH1905\LIB\FIVEHC.LIB|TABCTRLW ACBP=A9
 0001:000506EC 00000AF9 C=CODE    S=_TEXT    G=(none)   M=C:\FIVETECH\FWH1905\LIB\FIVEHC.LIB|TEXT ACBP=A9
 0001:000511E8 00001062 C=CODE    S=_TEXT    G=(none)   M=C:\FIVETECH\FWH1905\LIB\FIVEHC.LIB|THEMES ACBP=A9
 0001:0005224C 000000CB C=CODE    S=_TEXT    G=(none)   M=C:\FIVETECH\FWH1905\LIB\FIVEHC.LIB|TIMEPICK ACBP=A9
 0001:00052318 00000069 C=CODE    S=_TEXT    G=(none)   M=C:\FIVETECH\FWH1905\LIB\FIVEHC.LIB|TIMERS ACBP=A9
 0001:00052384 00000346 C=CODE    S=_TEXT    G=(none)   M=C:\FIVETECH\FWH1905\LIB\FIVEHC.LIB|TOOLTIPW ACBP=A9
 0001:000526CC 00000240 C=CODE    S=_TEXT    G=(none)   M=C:\FIVETECH\FWH1905\LIB\FIVEHC.LIB|TOOLTIPA ACBP=A9
 0001:0005290C 000002DE C=CODE    S=_TEXT    G=(none)   M=C:\FIVETECH\FWH1905\LIB\FIVEHC.LIB|TOUCH ACBP=A9
 0001:00052BEC 00000551 C=CODE    S=_TEXT    G=(none)   M=C:\FIVETECH\FWH1905\LIB\FIVEHC.LIB|TREEVIEW ACBP=A9
 0001:00053140 00001261 C=CODE    S=_TEXT    G=(none)   M=C:\FIVETECH\FWH1905\LIB\FIVEHC.LIB|UNICODE ACBP=A9
 0001:000543A4 00000035 C=CODE    S=_TEXT    G=(none)   M=C:\FIVETECH\FWH1905\LIB\FIVEHC.LIB|WIN2000 ACBP=A9
 0001:000543DC 000001B6 C=CODE    S=_TEXT    G=(none)   M=C:\FIVETECH\FWH1905\LIB\FIVEHC.LIB|WINDOWS ACBP=A9
 0001:00054594 0000021C C=CODE    S=_TEXT    G=(none)   M=C:\FIVETECH\FWH1905\LIB\FIVEHC.LIB|WINEXEC ACBP=A9
 0001:000547B0 000000A9 C=CODE    S=_TEXT    G=(none)   M=C:\FIVETECH\FWH1905\LIB\FIVEHC.LIB|WMOUSE ACBP=A9
 0001:0005485C 00000760 C=CODE    S=_TEXT    G=(none)   M=C:\FIVETECH\FWH1905\LIB\FIVEHC.LIB|WNDBOXES ACBP=A9
 0001:00054FBC 00000250 C=CODE    S=_TEXT    G=(none)   M=C:\FIVETECH\FWH1905\LIB\FIVEHC.LIB|WNDCENTE ACBP=A9
 0001:0005520C 00000033 C=CODE    S=_TEXT    G=(none)   M=C:\FIVETECH\FWH1905\LIB\FIVEHC.LIB|WNDDESTR ACBP=A9
 0001:00055240 000005CF C=CODE    S=_TEXT    G=(none)   M=C:\FIVETECH\FWH1905\LIB\FIVEHC.LIB|WNDIS ACBP=A9
 0001:00055810 0000007B C=CODE    S=_TEXT    G=(none)   M=C:\FIVETECH\FWH1905\LIB\FIVEHC.LIB|WNDISOVE ACBP=A9
 0001:0005588C 00000272 C=CODE    S=_TEXT    G=(none)   M=C:\FIVETECH\FWH1905\LIB\FIVEHC.LIB|WNDLINES ACBP=A9
 0001:00055B00 00000B95 C=CODE    S=_TEXT    G=(none)   M=C:\FIVETECH\FWH1905\LIB\FIVEHC.LIB|WNDMOVE ACBP=A9
 0001:00056698 000000D1 C=CODE    S=_TEXT    G=(none)   M=C:\FIVETECH\FWH1905\LIB\FIVEHC.LIB|WNDPOS ACBP=A9
 0001:0005676C 000001BA C=CODE    S=_TEXT    G=(none)   M=C:\FIVETECH\FWH1905\LIB\FIVEHC.LIB|WNDPRINT ACBP=A9
 0001:00056928 0000039C C=CODE    S=_TEXT    G=(none)   M=C:\FIVETECH\FWH1905\LIB\FIVEHC.LIB|WNDSAY ACBP=A9
 0001:00056CC4 00000270 C=CODE    S=_TEXT    G=(none)   M=C:\FIVETECH\FWH1905\LIB\FIVEHC.LIB|WNDSCROL ACBP=A9
 0001:00056F34 0000003B C=CODE    S=_TEXT    G=(none)   M=C:\FIVETECH\FWH1905\LIB\FIVEHC.LIB|WNDUPDAT ACBP=A9
 0001:00056F70 0000029A C=CODE    S=_TEXT    G=(none)   M=C:\FIVETECH\FWH1905\LIB\FIVEHC.LIB|XBROWSEC ACBP=A9
 0001:0005720C 00000184 C=CODE    S=_TEXT    G=(none)   M=C:\FIVETECH\HB32_BCC7_1905\LIB\HBRTL.LIB|abs ACBP=A9
 0001:00057390 00000323 C=CODE    S=_TEXT    G=(none)   M=C:\FIVETECH\HB32_BCC7_1905\LIB\HBRTL.LIB|arc4 ACBP=A9
 0001:000576B4 00000228 C=CODE    S=_TEXT    G=(none)   M=C:\FIVETECH\HB32_BCC7_1905\LIB\HBRTL.LIB|at ACBP=A9
 0001:000578DC 0000010A C=CODE    S=_TEXT    G=(none)   M=C:\FIVETECH\HB32_BCC7_1905\LIB\HBRTL.LIB|binnum ACBP=A9
 0001:000579E8 0000471E C=CODE    S=_TEXT    G=(none)   M=C:\FIVETECH\HB32_BCC7_1905\LIB\HBRTL.LIB|cdpapi ACBP=A9
 0001:0005C108 00000CE2 C=CODE    S=_TEXT    G=(none)   M=C:\FIVETECH\HB32_BCC7_1905\LIB\HBRTL.LIB|cdpapihb ACBP=A9
 0001:0005CDEC 000000E3 C=CODE    S=_TEXT    G=(none)   M=C:\FIVETECH\HB32_BCC7_1905\LIB\HBRTL.LIB|chrasc ACBP=A9
 0001:0005CED0 00000F49 C=CODE    S=_TEXT    G=(none)   M=C:\FIVETECH\HB32_BCC7_1905\LIB\HBRTL.LIB|chruni ACBP=A9
 0001:0005DE1C 000000AB C=CODE    S=_TEXT    G=(none)   M=C:\FIVETECH\HB32_BCC7_1905\LIB\HBRTL.LIB|colorind ACBP=A9
 0001:0005DEC8 00000B55 C=CODE    S=_TEXT    G=(none)   M=C:\FIVETECH\HB32_BCC7_1905\LIB\HBRTL.LIB|console ACBP=A9
 0001:0005EA20 000000EC C=CODE    S=_TEXT    G=(none)   M=C:\FIVETECH\HB32_BCC7_1905\LIB\HBRTL.LIB|cputime ACBP=A9
 0001:0005EB0C 00000175 C=CODE    S=_TEXT    G=(none)   M=C:\FIVETECH\HB32_BCC7_1905\LIB\HBRTL.LIB|datec ACBP=A9
 0001:0005EC84 00000B22 C=CODE    S=_TEXT    G=(none)   M=C:\FIVETECH\HB32_BCC7_1905\LIB\HBRTL.LIB|dates ACBP=A9
 0001:0005F7A8 00000F9F C=CODE    S=_TEXT    G=(none)   M=C:\FIVETECH\HB32_BCC7_1905\LIB\HBRTL.LIB|dateshb ACBP=A9
 0001:00060748 00000032 C=CODE    S=_TEXT    G=(none)   M=C:\FIVETECH\HB32_BCC7_1905\LIB\HBRTL.LIB|datesx ACBP=A9
 0001:0006077C 000001BC C=CODE    S=_TEXT    G=(none)   M=C:\FIVETECH\HB32_BCC7_1905\LIB\HBRTL.LIB|dirdrive ACBP=A9
 0001:00060938 000001B4 C=CODE    S=_TEXT    G=(none)   M=C:\FIVETECH\HB32_BCC7_1905\LIB\HBRTL.LIB|direct ACBP=A9
 0001:00060AEC 0000039B C=CODE    S=_TEXT    G=(none)   M=C:\FIVETECH\HB32_BCC7_1905\LIB\HBRTL.LIB|disksphb ACBP=A9
 0001:00060E88 000000F6 C=CODE    S=_TEXT    G=(none)   M=C:\FIVETECH\HB32_BCC7_1905\LIB\HBRTL.LIB|do ACBP=A9
 0001:00060F80 00000234 C=CODE    S=_TEXT    G=(none)   M=C:\FIVETECH\HB32_BCC7_1905\LIB\HBRTL.LIB|empty ACBP=A9
 0001:000611B4 00001517 C=CODE    S=_TEXT    G=(none)   M=C:\FIVETECH\HB32_BCC7_1905\LIB\HBRTL.LIB|errapi ACBP=A9
 0001:000626CC 00000046 C=CODE    S=_TEXT    G=(none)   M=C:\FIVETECH\HB32_BCC7_1905\LIB\HBRTL.LIB|errint ACBP=A9
 0001:00062714 000002D4 C=CODE    S=_TEXT    G=(none)   M=C:\FIVETECH\HB32_BCC7_1905\LIB\HBRTL.LIB|errintlo ACBP=A9
 0001:000629E8 000000E1 C=CODE    S=_TEXT    G=(none)   M=C:\FIVETECH\HB32_BCC7_1905\LIB\HBRTL.LIB|file ACBP=A9
 0001:00062ACC 000016F0 C=CODE    S=_TEXT    G=(none)   M=C:\FIVETECH\HB32_BCC7_1905\LIB\HBRTL.LIB|filebuf ACBP=A9
 0001:000641BC 00000027 C=CODE    S=_TEXT    G=(none)   M=C:\FIVETECH\HB32_BCC7_1905\LIB\HBRTL.LIB|filehb ACBP=A9
 0001:000641E4 000023D7 C=CODE    S=_TEXT    G=(none)   M=C:\FIVETECH\HB32_BCC7_1905\LIB\HBRTL.LIB|filesys ACBP=A9
 0001:000665BC 00000017 C=CODE    S=_TEXT    G=(none)   M=C:\FIVETECH\HB32_BCC7_1905\LIB\HBRTL.LIB|fmhb ACBP=A9
 0001:000665D4 0000009C C=CODE    S=_TEXT    G=(none)   M=C:\FIVETECH\HB32_BCC7_1905\LIB\HBRTL.LIB|fnsplit ACBP=A9
 0001:00066670 00000172 C=CODE    S=_TEXT    G=(none)   M=C:\FIVETECH\HB32_BCC7_1905\LIB\HBRTL.LIB|fscopy ACBP=A9
 0001:000667E4 000000CA C=CODE    S=_TEXT    G=(none)   M=C:\FIVETECH\HB32_BCC7_1905\LIB\HBRTL.LIB|fserr ACBP=A9
 0001:000668B0 000003C6 C=CODE    S=_TEXT    G=(none)   M=C:\FIVETECH\HB32_BCC7_1905\LIB\HBRTL.LIB|fslink ACBP=A9
 0001:00066C78 0000018B C=CODE    S=_TEXT    G=(none)   M=C:\FIVETECH\HB32_BCC7_1905\LIB\HBRTL.LIB|fssize ACBP=A9
 0001:00066E04 000003FF C=CODE    S=_TEXT    G=(none)   M=C:\FIVETECH\HB32_BCC7_1905\LIB\HBRTL.LIB|fstemp ACBP=A9
 0001:00067204 000000DC C=CODE    S=_TEXT    G=(none)   M=C:\FIVETECH\HB32_BCC7_1905\LIB\HBRTL.LIB|gete ACBP=A9
 0001:000672E0 000011D2 C=CODE    S=_TEXT    G=(none)   M=C:\FIVETECH\HB32_BCC7_1905\LIB\HBRTL.LIB|gtapi ACBP=A9
 0001:000684B4 00000355 C=CODE    S=_TEXT    G=(none)   M=C:\FIVETECH\HB32_BCC7_1905\LIB\HBRTL.LIB|gtclip ACBP=A9
 0001:0006880C 00000225 C=CODE    S=_TEXT    G=(none)   M=C:\FIVETECH\HB32_BCC7_1905\LIB\HBRTL.LIB|gtkbstat ACBP=A9
 0001:00068A34 00000280 C=CODE    S=_TEXT    G=(none)   M=C:\FIVETECH\HB32_BCC7_1905\LIB\HBRTL.LIB|gttone ACBP=A9
 0001:00068CB4 0000017F C=CODE    S=_TEXT    G=(none)   M=C:\FIVETECH\HB32_BCC7_1905\LIB\HBRTL.LIB|hbadler ACBP=A9
 0001:00068E34 000001F7 C=CODE    S=_TEXT    G=(none)   M=C:\FIVETECH\HB32_BCC7_1905\LIB\HBRTL.LIB|hbascii ACBP=A9
 0001:0006902C 0000030F C=CODE    S=_TEXT    G=(none)   M=C:\FIVETECH\HB32_BCC7_1905\LIB\HBRTL.LIB|hbbit ACBP=A9
 0001:0006933C 0000050A C=CODE    S=_TEXT    G=(none)   M=C:\FIVETECH\HB32_BCC7_1905\LIB\HBRTL.LIB|hbcrc ACBP=A9
 0001:00069848 000000AE C=CODE    S=_TEXT    G=(none)   M=C:\FIVETECH\HB32_BCC7_1905\LIB\HBRTL.LIB|hbdef ACBP=A9
 0001:000698F8 00000047 C=CODE    S=_TEXT    G=(none)   M=C:\FIVETECH\HB32_BCC7_1905\LIB\HBRTL.LIB|hbfile ACBP=A9
 0001:00069940 00000149 C=CODE    S=_TEXT    G=(none)   M=C:\FIVETECH\HB32_BCC7_1905\LIB\HBRTL.LIB|hbfilehc ACBP=A9
 0001:00069A8C 000050EC C=CODE    S=_TEXT    G=(none)   M=C:\FIVETECH\HB32_BCC7_1905\LIB\HBRTL.LIB|hbgtcore ACBP=A9
 0001:0006EB78 000003D2 C=CODE    S=_TEXT    G=(none)   M=C:\FIVETECH\HB32_BCC7_1905\LIB\HBRTL.LIB|hbhex ACBP=A9
 0001:0006EF4C 00001852 C=CODE    S=_TEXT    G=(none)   M=C:\FIVETECH\HB32_BCC7_1905\LIB\HBRTL.LIB|hbi18n1 ACBP=A9
 0001:000707A0 00001090 C=CODE    S=_TEXT    G=(none)   M=C:\FIVETECH\HB32_BCC7_1905\LIB\HBRTL.LIB|hbjson ACBP=A9
 0001:00071830 0000016A C=CODE    S=_TEXT    G=(none)   M=C:\FIVETECH\HB32_BCC7_1905\LIB\HBRTL.LIB|hbntos ACBP=A9
 0001:0007199C 00000096 C=CODE    S=_TEXT    G=(none)   M=C:\FIVETECH\HB32_BCC7_1905\LIB\HBRTL.LIB|hbrand ACBP=A9
 0001:00071A34 000002FC C=CODE    S=_TEXT    G=(none)   M=C:\FIVETECH\HB32_BCC7_1905\LIB\HBRTL.LIB|hbrandom ACBP=A9
 0001:00071D30 00000A56 C=CODE    S=_TEXT    G=(none)   M=C:\FIVETECH\HB32_BCC7_1905\LIB\HBRTL.LIB|hbregex ACBP=A9
 0001:00072788 000001D1 C=CODE    S=_TEXT    G=(none)   M=C:\FIVETECH\HB32_BCC7_1905\LIB\HBRTL.LIB|hbregexc ACBP=A9
 0001:0007295C 000000AB C=CODE    S=_TEXT    G=(none)   M=C:\FIVETECH\HB32_BCC7_1905\LIB\HBRTL.LIB|hbstrsh ACBP=A9
 0001:00072A08 00000773 C=CODE    S=_TEXT    G=(none)   M=C:\FIVETECH\HB32_BCC7_1905\LIB\HBRTL.LIB|hbtoken ACBP=A9
 0001:0007317C 000000BE C=CODE    S=_TEXT    G=(none)   M=C:\FIVETECH\HB32_BCC7_1905\LIB\HBRTL.LIB|hbzlibc ACBP=A9
 0001:0007323C 00000322 C=CODE    S=_TEXT    G=(none)   M=C:\FIVETECH\HB32_BCC7_1905\LIB\HBRTL.LIB|idle ACBP=A9
 0001:00073560 0000050B C=CODE    S=_TEXT    G=(none)   M=C:\FIVETECH\HB32_BCC7_1905\LIB\HBRTL.LIB|inkey ACBP=A9
 0001:00073A6C 000005E3 C=CODE    S=_TEXT    G=(none)   M=C:\FIVETECH\HB32_BCC7_1905\LIB\HBRTL.LIB|inkeyapi ACBP=A9
 0001:00074050 000000B0 C=CODE    S=_TEXT    G=(none)   M=C:\FIVETECH\HB32_BCC7_1905\LIB\HBRTL.LIB|is ACBP=A9
 0001:00074100 000031D2 C=CODE    S=_TEXT    G=(none)   M=C:\FIVETECH\HB32_BCC7_1905\LIB\HBRTL.LIB|itemseri ACBP=A9
 0001:000772D4 000004CD C=CODE    S=_TEXT    G=(none)   M=C:\FIVETECH\HB32_BCC7_1905\LIB\HBRTL.LIB|langapi ACBP=A9
 0001:000777A4 000001BA C=CODE    S=_TEXT    G=(none)   M=C:\FIVETECH\HB32_BCC7_1905\LIB\HBRTL.LIB|left ACBP=A9
 0001:00077960 00000096 C=CODE    S=_TEXT    G=(none)   M=C:\FIVETECH\HB32_BCC7_1905\LIB\HBRTL.LIB|len ACBP=A9
 0001:000779F8 00000984 C=CODE    S=_TEXT    G=(none)   M=C:\FIVETECH\HB32_BCC7_1905\LIB\HBRTL.LIB|math ACBP=A9
 0001:0007837C 0000007F C=CODE    S=_TEXT    G=(none)   M=C:\FIVETECH\HB32_BCC7_1905\LIB\HBRTL.LIB|maxrow ACBP=A9
 0001:000783FC 00000154 C=CODE    S=_TEXT    G=(none)   M=C:\FIVETECH\HB32_BCC7_1905\LIB\HBRTL.LIB|memofile ACBP=A9
 0001:00078550 000003A0 C=CODE    S=_TEXT    G=(none)   M=C:\FIVETECH\HB32_BCC7_1905\LIB\HBRTL.LIB|minmax ACBP=A9
 0001:000788F0 00000CBB C=CODE    S=_TEXT    G=(none)   M=C:\FIVETECH\HB32_BCC7_1905\LIB\HBRTL.LIB|mlcfunc ACBP=A9
 0001:000795AC 00000164 C=CODE    S=_TEXT    G=(none)   M=C:\FIVETECH\HB32_BCC7_1905\LIB\HBRTL.LIB|mod ACBP=A9
 0001:00079710 0000028C C=CODE    S=_TEXT    G=(none)   M=C:\FIVETECH\HB32_BCC7_1905\LIB\HBRTL.LIB|mouse53 ACBP=A9
 0001:0007999C 00000375 C=CODE    S=_TEXT    G=(none)   M=C:\FIVETECH\HB32_BCC7_1905\LIB\HBRTL.LIB|mouseapi ACBP=A9
 0001:00079D14 0000019C C=CODE    S=_TEXT    G=(none)   M=C:\FIVETECH\HB32_BCC7_1905\LIB\HBRTL.LIB|natmsg ACBP=A9
 0001:00079EB0 0000005F C=CODE    S=_TEXT    G=(none)   M=C:\FIVETECH\HB32_BCC7_1905\LIB\HBRTL.LIB|net ACBP=A9
 0001:00079F10 00000067 C=CODE    S=_TEXT    G=(none)   M=C:\FIVETECH\HB32_BCC7_1905\LIB\HBRTL.LIB|netusr ACBP=A9
 0001:00079F78 00000006 C=CODE    S=_TEXT    G=(none)   M=C:\FIVETECH\HB32_BCC7_1905\LIB\HBRTL.LIB|pad ACBP=A9
 0001:00079F80 000004A9 C=CODE    S=_TEXT    G=(none)   M=C:\FIVETECH\HB32_BCC7_1905\LIB\HBRTL.LIB|padx ACBP=A9
 0001:0007A42C 00000BF0 C=CODE    S=_TEXT    G=(none)   M=C:\FIVETECH\HB32_BCC7_1905\LIB\HBRTL.LIB|philes ACBP=A9
 0001:0007B01C 000001EF C=CODE    S=_TEXT    G=(none)   M=C:\FIVETECH\HB32_BCC7_1905\LIB\HBRTL.LIB|rat ACBP=A9
 0001:0007B20C 00000140 C=CODE    S=_TEXT    G=(none)   M=C:\FIVETECH\HB32_BCC7_1905\LIB\HBRTL.LIB|replic ACBP=A9
 0001:0007B34C 000000D1 C=CODE    S=_TEXT    G=(none)   M=C:\FIVETECH\HB32_BCC7_1905\LIB\HBRTL.LIB|right ACBP=A9
 0001:0007B420 0000010E C=CODE    S=_TEXT    G=(none)   M=C:\FIVETECH\HB32_BCC7_1905\LIB\HBRTL.LIB|round ACBP=A9
 0001:0007B530 000001FF C=CODE    S=_TEXT    G=(none)   M=C:\FIVETECH\HB32_BCC7_1905\LIB\HBRTL.LIB|saverest ACBP=A9
 0001:0007B730 0000027A C=CODE    S=_TEXT    G=(none)   M=C:\FIVETECH\HB32_BCC7_1905\LIB\HBRTL.LIB|scroll ACBP=A9
 0001:0007B9AC 00000080 C=CODE    S=_TEXT    G=(none)   M=C:\FIVETECH\HB32_BCC7_1905\LIB\HBRTL.LIB|seconds ACBP=A9
 0001:0007BA2C 00000119 C=CODE    S=_TEXT    G=(none)   M=C:\FIVETECH\HB32_BCC7_1905\LIB\HBRTL.LIB|setcolor ACBP=A9
 0001:0007BB48 00000057 C=CODE    S=_TEXT    G=(none)   M=C:\FIVETECH\HB32_BCC7_1905\LIB\HBRTL.LIB|setcurs ACBP=A9
 0001:0007BBA0 000005BD C=CODE    S=_TEXT    G=(none)   M=C:\FIVETECH\HB32_BCC7_1905\LIB\HBRTL.LIB|setkey ACBP=A9
 0001:0007C160 00000097 C=CODE    S=_TEXT    G=(none)   M=C:\FIVETECH\HB32_BCC7_1905\LIB\HBRTL.LIB|setpos ACBP=A9
 0001:0007C1F8 0000002B C=CODE    S=_TEXT    G=(none)   M=C:\FIVETECH\HB32_BCC7_1905\LIB\HBRTL.LIB|setposbs ACBP=A9
 0001:0007C224 00000066 C=CODE    S=_TEXT    G=(none)   M=C:\FIVETECH\HB32_BCC7_1905\LIB\HBRTL.LIB|space ACBP=A9
 0001:0007C28C 000002FA C=CODE    S=_TEXT    G=(none)   M=C:\FIVETECH\HB32_BCC7_1905\LIB\HBRTL.LIB|spfiles ACBP=A9
 0001:0007C588 0000008E C=CODE    S=_TEXT    G=(none)   M=C:\FIVETECH\HB32_BCC7_1905\LIB\HBRTL.LIB|str ACBP=A9
 0001:0007C618 000000C0 C=CODE    S=_TEXT    G=(none)   M=C:\FIVETECH\HB32_BCC7_1905\LIB\HBRTL.LIB|strcase ACBP=A9
 0001:0007C6D8 0000012F C=CODE    S=_TEXT    G=(none)   M=C:\FIVETECH\HB32_BCC7_1905\LIB\HBRTL.LIB|strmatch ACBP=A9
 0001:0007C808 000004C8 C=CODE    S=_TEXT    G=(none)   M=C:\FIVETECH\HB32_BCC7_1905\LIB\HBRTL.LIB|strrepl ACBP=A9
 0001:0007CCD0 00000185 C=CODE    S=_TEXT    G=(none)   M=C:\FIVETECH\HB32_BCC7_1905\LIB\HBRTL.LIB|strtoexp ACBP=A9
 0001:0007CE58 00000264 C=CODE    S=_TEXT    G=(none)   M=C:\FIVETECH\HB32_BCC7_1905\LIB\HBRTL.LIB|strtran ACBP=A9
 0001:0007D0BC 000000EA C=CODE    S=_TEXT    G=(none)   M=C:\FIVETECH\HB32_BCC7_1905\LIB\HBRTL.LIB|strzero ACBP=A9
 0001:0007D1A8 0000019A C=CODE    S=_TEXT    G=(none)   M=C:\FIVETECH\HB32_BCC7_1905\LIB\HBRTL.LIB|stuff ACBP=A9
 0001:0007D344 00000156 C=CODE    S=_TEXT    G=(none)   M=C:\FIVETECH\HB32_BCC7_1905\LIB\HBRTL.LIB|substr ACBP=A9
 0001:0007D49C 00000058 C=CODE    S=_TEXT    G=(none)   M=C:\FIVETECH\HB32_BCC7_1905\LIB\HBRTL.LIB|tone ACBP=A9
 0001:0007D4F4 00001520 C=CODE    S=_TEXT    G=(none)   M=C:\FIVETECH\HB32_BCC7_1905\LIB\HBRTL.LIB|transfrm ACBP=A9
 0001:0007EA14 000001D1 C=CODE    S=_TEXT    G=(none)   M=C:\FIVETECH\HB32_BCC7_1905\LIB\HBRTL.LIB|trim ACBP=A9
 0001:0007EBE8 00000042 C=CODE    S=_TEXT    G=(none)   M=C:\FIVETECH\HB32_BCC7_1905\LIB\HBRTL.LIB|type ACBP=A9
 0001:0007EC2C 000000F5 C=CODE    S=_TEXT    G=(none)   M=C:\FIVETECH\HB32_BCC7_1905\LIB\HBRTL.LIB|val ACBP=A9
 0001:0007ED24 00000064 C=CODE    S=_TEXT    G=(none)   M=C:\FIVETECH\HB32_BCC7_1905\LIB\HBRTL.LIB|valtostr ACBP=A9
 0001:0007ED88 0000027F C=CODE    S=_TEXT    G=(none)   M=C:\FIVETECH\HB32_BCC7_1905\LIB\HBRTL.LIB|valtype ACBP=A9
 0001:0007F008 0000040D C=CODE    S=_TEXT    G=(none)   M=C:\FIVETECH\HB32_BCC7_1905\LIB\HBRTL.LIB|version ACBP=A9
 0001:0007F418 00000FD7 C=CODE    S=_TEXT    G=(none)   M=C:\FIVETECH\HB32_BCC7_1905\LIB\HBRTL.LIB|vfile ACBP=A9
 0001:000803F0 00000036 C=CODE    S=_TEXT    G=(none)   M=C:\FIVETECH\HB32_BCC7_1905\LIB\HBRTL.LIB|word ACBP=A9
 0001:00080428 00000069 C=CODE    S=_TEXT    G=(none)   M=C:\FIVETECH\HB32_BCC7_1905\LIB\HBRTL.LIB|xhelp ACBP=A9
 0001:00080494 0000136E C=CODE    S=_TEXT    G=(none)   M=C:\FIVETECH\HB32_BCC7_1905\LIB\HBRTL.LIB|color53 ACBP=A9
 0001:00081804 000001BF C=CODE    S=_TEXT    G=(none)   M=C:\FIVETECH\HB32_BCC7_1905\LIB\HBRTL.LIB|getlist ACBP=A9
 0001:000819C4 000011B8 C=CODE    S=_TEXT    G=(none)   M=C:\FIVETECH\HB32_BCC7_1905\LIB\HBRTL.LIB|getsys ACBP=A9
 0001:00082B7C 000008F0 C=CODE    S=_TEXT    G=(none)   M=C:\FIVETECH\HB32_BCC7_1905\LIB\HBRTL.LIB|getsys53 ACBP=A9
 0001:0008346C 00000418 C=CODE    S=_TEXT    G=(none)   M=C:\FIVETECH\HB32_BCC7_1905\LIB\HBRTL.LIB|getsyshb ACBP=A9
 0001:00083884 00000673 C=CODE    S=_TEXT    G=(none)   M=C:\FIVETECH\HB32_BCC7_1905\LIB\HBRTL.LIB|gui ACBP=A9
 0001:00083EF8 00002698 C=CODE    S=_TEXT    G=(none)   M=C:\FIVETECH\HB32_BCC7_1905\LIB\HBRTL.LIB|hbfilehi ACBP=A9
 0001:00086590 000033BE C=CODE    S=_TEXT    G=(none)   M=C:\FIVETECH\HB32_BCC7_1905\LIB\HBRTL.LIB|langcomp ACBP=A9
 0001:00089950 0000094D C=CODE    S=_TEXT    G=(none)   M=C:\FIVETECH\HB32_BCC7_1905\LIB\HBRTL.LIB|menusys ACBP=A9
 0001:0008A2A0 00001A43 C=CODE    S=_TEXT    G=(none)   M=C:\FIVETECH\HB32_BCC7_1905\LIB\HBRTL.LIB|objfunc ACBP=A9
 0001:0008BCE4 00003182 C=CODE    S=_TEXT    G=(none)   M=C:\FIVETECH\HB32_BCC7_1905\LIB\HBRTL.LIB|tclass ACBP=A9
 0001:0008EE68 000122D2 C=CODE    S=_TEXT    G=(none)   M=C:\FIVETECH\HB32_BCC7_1905\LIB\HBRTL.LIB|tget ACBP=A9
 0001:000A113C 0000B976 C=CODE    S=_TEXT    G=(none)   M=C:\FIVETECH\HB32_BCC7_1905\LIB\HBRTL.LIB|tgetlist ACBP=A9
 0001:000ACAB4 0000537E C=CODE    S=_TEXT    G=(none)   M=C:\FIVETECH\HB32_BCC7_1905\LIB\HBRTL.LIB|tmenusys ACBP=A9
 0001:000B1E34 00000552 C=CODE    S=_TEXT    G=(none)   M=C:\FIVETECH\HB32_BCC7_1905\LIB\HBRTL.LIB|tobject ACBP=A9
 0001:000B2388 00001DE5 C=CODE    S=_TEXT    G=(none)   M=C:\FIVETECH\HB32_BCC7_1905\LIB\HBRTL.LIB|valtoexp ACBP=A9
 0001:000B4170 0000E77E C=CODE    S=_TEXT    G=(none)   M=C:\FIVETECH\HB32_BCC7_1905\LIB\HBVM.LIB|hvm ACBP=A9
 0001:000C28F0 00001E2E C=CODE    S=_TEXT    G=(none)   M=C:\FIVETECH\HB32_BCC7_1905\LIB\HBVM.LIB|arrays ACBP=A9
 0001:000C4720 000066E0 C=CODE    S=_TEXT    G=(none)   M=C:\FIVETECH\HB32_BCC7_1905\LIB\HBVM.LIB|classes ACBP=A9
 0001:000CAE00 000008F8 C=CODE    S=_TEXT    G=(none)   M=C:\FIVETECH\HB32_BCC7_1905\LIB\HBVM.LIB|dynsym ACBP=A9
 0001:000CB6F8 00000308 C=CODE    S=_TEXT    G=(none)   M=C:\FIVETECH\HB32_BCC7_1905\LIB\HBVM.LIB|codebloc ACBP=A9
 0001:000CBA00 00000C31 C=CODE    S=_TEXT    G=(none)   M=C:\FIVETECH\HB32_BCC7_1905\LIB\HBVM.LIB|estack ACBP=A9
 0001:000CC634 00002A1C C=CODE    S=_TEXT    G=(none)   M=C:\FIVETECH\HB32_BCC7_1905\LIB\HBVM.LIB|extend ACBP=A9
 0001:000CF050 00004221 C=CODE    S=_TEXT    G=(none)   M=C:\FIVETECH\HB32_BCC7_1905\LIB\HBVM.LIB|fm ACBP=A9
 0001:000D3274 00000733 C=CODE    S=_TEXT    G=(none)   M=C:\FIVETECH\HB32_BCC7_1905\LIB\HBVM.LIB|garbage ACBP=A9
 0001:000D39A8 00001777 C=CODE    S=_TEXT    G=(none)   M=C:\FIVETECH\HB32_BCC7_1905\LIB\HBVM.LIB|hashes ACBP=A9
 0001:000D5120 00003310 C=CODE    S=_TEXT    G=(none)   M=C:\FIVETECH\HB32_BCC7_1905\LIB\HBVM.LIB|itemapi ACBP=A9
 0001:000D8430 00001268 C=CODE    S=_TEXT    G=(none)   M=C:\FIVETECH\HB32_BCC7_1905\LIB\HBVM.LIB|strapi ACBP=A9
 0001:000D9698 00001D0E C=CODE    S=_TEXT    G=(none)   M=C:\FIVETECH\HB32_BCC7_1905\LIB\HBVM.LIB|macro ACBP=A9
 0001:000DB3A8 000017C7 C=CODE    S=_TEXT    G=(none)   M=C:\FIVETECH\HB32_BCC7_1905\LIB\HBVM.LIB|memvars ACBP=A9
 0001:000DCB70 00003DEF C=CODE    S=_TEXT    G=(none)   M=C:\FIVETECH\HB32_BCC7_1905\LIB\HBVM.LIB|set ACBP=A9
 0001:000E0960 00000E4C C=CODE    S=_TEXT    G=(none)   M=C:\FIVETECH\HB32_BCC7_1905\LIB\HBVM.LIB|thread ACBP=A9
 0001:000E17AC 000007B0 C=CODE    S=_TEXT    G=(none)   M=C:\FIVETECH\HB32_BCC7_1905\LIB\HBVM.LIB|arrayshb ACBP=A9
 0001:000E1F5C 00000651 C=CODE    S=_TEXT    G=(none)   M=C:\FIVETECH\HB32_BCC7_1905\LIB\HBVM.LIB|asort ACBP=A9
 0001:000E25B0 00000014 C=CODE    S=_TEXT    G=(none)   M=C:\FIVETECH\HB32_BCC7_1905\LIB\HBVM.LIB|break ACBP=A9
 0001:000E25C4 00000C26 C=CODE    S=_TEXT    G=(none)   M=C:\FIVETECH\HB32_BCC7_1905\LIB\HBVM.LIB|cmdarg ACBP=A9
 0001:000E31EC 00000494 C=CODE    S=_TEXT    G=(none)   M=C:\FIVETECH\HB32_BCC7_1905\LIB\HBVM.LIB|debug ACBP=A9
 0001:000E3680 00000287 C=CODE    S=_TEXT    G=(none)   M=C:\FIVETECH\HB32_BCC7_1905\LIB\HBVM.LIB|dynlibhb ACBP=A9
 0001:000E3908 00000804 C=CODE    S=_TEXT    G=(none)   M=C:\FIVETECH\HB32_BCC7_1905\LIB\HBVM.LIB|eval ACBP=A9
 0001:000E410C 000004FD C=CODE    S=_TEXT    G=(none)   M=C:\FIVETECH\HB32_BCC7_1905\LIB\HBVM.LIB|extrap ACBP=A9
 0001:000E460C 00001351 C=CODE    S=_TEXT    G=(none)   M=C:\FIVETECH\HB32_BCC7_1905\LIB\HBVM.LIB|hashfunc ACBP=A9
 0001:000E5960 00000006 C=CODE    S=_TEXT    G=(none)   M=C:\FIVETECH\HB32_BCC7_1905\LIB\HBVM.LIB|initexit ACBP=A9
 0001:000E5968 00000019 C=CODE    S=_TEXT    G=(none)   M=C:\FIVETECH\HB32_BCC7_1905\LIB\HBVM.LIB|initsymb ACBP=A9
 0001:000E5984 00000058 C=CODE    S=_TEXT    G=(none)   M=C:\FIVETECH\HB32_BCC7_1905\LIB\HBVM.LIB|pbyref ACBP=A9
 0001:000E59DC 0000001D C=CODE    S=_TEXT    G=(none)   M=C:\FIVETECH\HB32_BCC7_1905\LIB\HBVM.LIB|pcount ACBP=A9
 0001:000E59FC 00000070 C=CODE    S=_TEXT    G=(none)   M=C:\FIVETECH\HB32_BCC7_1905\LIB\HBVM.LIB|pvalue ACBP=A9
 0001:000E5A6C 00000006 C=CODE    S=_TEXT    G=(none)   M=C:\FIVETECH\HB32_BCC7_1905\LIB\HBVM.LIB|pvaluehb ACBP=A9
 0001:000E5A74 00000508 C=CODE    S=_TEXT    G=(none)   M=C:\FIVETECH\HB32_BCC7_1905\LIB\HBVM.LIB|proc ACBP=A9
 0001:000E5F7C 00000F54 C=CODE    S=_TEXT    G=(none)   M=C:\FIVETECH\HB32_BCC7_1905\LIB\HBVM.LIB|runner ACBP=A9
 0001:000E6ED0 00000028 C=CODE    S=_TEXT    G=(none)   M=C:\FIVETECH\HB32_BCC7_1905\LIB\HBVM.LIB|mainwin ACBP=A9
 0001:000E6EF8 00000084 C=CODE    S=_TEXT    G=(none)   M=C:\FIVETECH\HB32_BCC7_1905\LIB\HBVM.LIB|harbinit ACBP=A9
 0001:000E6F7C 000003D0 C=CODE    S=_TEXT    G=(none)   M=C:\FIVETECH\HB32_BCC7_1905\LIB\GTGUI.LIB|gtgui ACBP=A9
 0001:000E734C 00000010 C=CODE    S=_TEXT    G=(none)   M=C:\FIVETECH\HB32_BCC7_1905\LIB\HBLANG.LIB|l_es ACBP=A9
 0001:000E735C 00001A9F C=CODE    S=_TEXT    G=(none)   M=C:\FIVETECH\HB32_BCC7_1905\LIB\HBMACRO.LIB|macroy ACBP=A9
 0001:000E8DFC 00000659 C=CODE    S=_TEXT    G=(none)   M=C:\FIVETECH\HB32_BCC7_1905\LIB\HBMACRO.LIB|macroa ACBP=A9
 0001:000E9458 0000613C C=CODE    S=_TEXT    G=(none)   M=C:\FIVETECH\HB32_BCC7_1905\LIB\HBMACRO.LIB|macrob ACBP=A9
 0001:000EF594 000011ED C=CODE    S=_TEXT    G=(none)   M=C:\FIVETECH\HB32_BCC7_1905\LIB\HBMACRO.LIB|macrolex ACBP=A9
 0001:000F0784 00003242 C=CODE    S=_TEXT    G=(none)   M=C:\FIVETECH\HB32_BCC7_1905\LIB\HBRDD.LIB|dbcmd ACBP=A9
 0001:000F39C8 00000A99 C=CODE    S=_TEXT    G=(none)   M=C:\FIVETECH\HB32_BCC7_1905\LIB\HBRDD.LIB|dbcmd53 ACBP=A9
 0001:000F4464 00009CF8 C=CODE    S=_TEXT    G=(none)   M=C:\FIVETECH\HB32_BCC7_1905\LIB\HBRDD.LIB|dbf1 ACBP=A9
 0001:000FE15C 00000016 C=CODE    S=_TEXT    G=(none)   M=C:\FIVETECH\HB32_BCC7_1905\LIB\HBRDD.LIB|fieldhb ACBP=A9
 0001:000FE174 00000076 C=CODE    S=_TEXT    G=(none)   M=C:\FIVETECH\HB32_BCC7_1905\LIB\HBRDD.LIB|ordcount ACBP=A9
 0001:000FE1EC 00000148 C=CODE    S=_TEXT    G=(none)   M=C:\FIVETECH\HB32_BCC7_1905\LIB\HBRDD.LIB|ordwldsk ACBP=A9
 0001:000FE334 000025C6 C=CODE    S=_TEXT    G=(none)   M=C:\FIVETECH\HB32_BCC7_1905\LIB\HBRDD.LIB|workarea ACBP=A9
 0001:001008FC 00000C17 C=CODE    S=_TEXT    G=(none)   M=C:\FIVETECH\HB32_BCC7_1905\LIB\HBRDD.LIB|wacore ACBP=A9
 0001:00101514 000016AB C=CODE    S=_TEXT    G=(none)   M=C:\FIVETECH\HB32_BCC7_1905\LIB\HBRDD.LIB|wafunc ACBP=A9
 0001:00102BC0 00001990 C=CODE    S=_TEXT    G=(none)   M=C:\FIVETECH\HB32_BCC7_1905\LIB\HBRDD.LIB|sdf1 ACBP=A9
 0001:00104550 00000132 C=CODE    S=_TEXT    G=(none)   M=C:\FIVETECH\HB32_BCC7_1905\LIB\HBRDD.LIB|dbsdf ACBP=A9
 0001:00104684 0000031C C=CODE    S=_TEXT    G=(none)   M=C:\FIVETECH\HB32_BCC7_1905\LIB\HBRDD.LIB|rddord ACBP=A9
 0001:001049A0 00000021 C=CODE    S=_TEXT    G=(none)   M=C:\FIVETECH\HB32_BCC7_1905\LIB\HBRDD.LIB|rddsys ACBP=A9
 0001:001049C4 0000AFD8 C=CODE    S=_TEXT    G=(none)   M=C:\FIVETECH\HB32_BCC7_1905\LIB\RDDNTX.LIB|dbfntx1 ACBP=A9
 0001:0010F99C 0000DBC8 C=CODE    S=_TEXT    G=(none)   M=C:\FIVETECH\HB32_BCC7_1905\LIB\RDDCDX.LIB|dbfcdx1 ACBP=A9
 0001:0011D564 00007CC8 C=CODE    S=_TEXT    G=(none)   M=C:\FIVETECH\HB32_BCC7_1905\LIB\RDDFPT.LIB|dbffpt1 ACBP=A9
 0001:0012522C 000003A6 C=CODE    S=_TEXT    G=(none)   M=C:\FIVETECH\HB32_BCC7_1905\LIB\HBSIX.LIB|sxcrypt ACBP=A9
 0001:001255D4 000000E8 C=CODE    S=_TEXT    G=(none)   M=C:\FIVETECH\HB32_BCC7_1905\LIB\HBSIX.LIB|sxdate ACBP=A9
 0001:001256BC 00000F39 C=CODE    S=_TEXT    G=(none)   M=C:\FIVETECH\HB32_BCC7_1905\LIB\HBCOMMON.LIB|expropt1 ACBP=A9
 0001:001265F8 000036A5 C=CODE    S=_TEXT    G=(none)   M=C:\FIVETECH\HB32_BCC7_1905\LIB\HBCOMMON.LIB|expropt2 ACBP=A9
 0001:00129CA0 000001C5 C=CODE    S=_TEXT    G=(none)   M=C:\FIVETECH\HB32_BCC7_1905\LIB\HBCOMMON.LIB|funcid ACBP=A9
 0001:00129E68 0000193E C=CODE    S=_TEXT    G=(none)   M=C:\FIVETECH\HB32_BCC7_1905\LIB\HBCOMMON.LIB|hbdate ACBP=A9
 0001:0012B7A8 0000070B C=CODE    S=_TEXT    G=(none)   M=C:\FIVETECH\HB32_BCC7_1905\LIB\HBCOMMON.LIB|hbffind ACBP=A9
 0001:0012BEB4 0000005D C=CODE    S=_TEXT    G=(none)   M=C:\FIVETECH\HB32_BCC7_1905\LIB\HBCOMMON.LIB|hbfopen ACBP=A9
 0001:0012BF14 000003D3 C=CODE    S=_TEXT    G=(none)   M=C:\FIVETECH\HB32_BCC7_1905\LIB\HBCOMMON.LIB|hbfsapi ACBP=A9
 0001:0012C2E8 00000150 C=CODE    S=_TEXT    G=(none)   M=C:\FIVETECH\HB32_BCC7_1905\LIB\HBCOMMON.LIB|hbgete ACBP=A9
 0001:0012C438 0000032F C=CODE    S=_TEXT    G=(none)   M=C:\FIVETECH\HB32_BCC7_1905\LIB\HBCOMMON.LIB|hbhash ACBP=A9
 0001:0012C768 00001C09 C=CODE    S=_TEXT    G=(none)   M=C:\FIVETECH\HB32_BCC7_1905\LIB\HBCOMMON.LIB|hbprintf ACBP=A9
 0001:0012E374 000014CC C=CODE    S=_TEXT    G=(none)   M=C:\FIVETECH\HB32_BCC7_1905\LIB\HBCOMMON.LIB|hbstr ACBP=A9
 0001:0012F840 00000971 C=CODE    S=_TEXT    G=(none)   M=C:\FIVETECH\HB32_BCC7_1905\LIB\HBCOMMON.LIB|hbver ACBP=A9
 0001:001301B4 000002EA C=CODE    S=_TEXT    G=(none)   M=C:\FIVETECH\HB32_BCC7_1905\LIB\HBCOMMON.LIB|hbverdsp ACBP=A9
 0001:001304A0 000001CF C=CODE    S=_TEXT    G=(none)   M=C:\FIVETECH\HB32_BCC7_1905\LIB\HBCOMMON.LIB|hbwin ACBP=A9
 0001:00130670 0000060D C=CODE    S=_TEXT    G=(none)   M=C:\FIVETECH\HB32_BCC7_1905\LIB\HBCOMMON.LIB|strwild ACBP=A9
 0001:00130C80 0000004F C=CODE    S=_TEXT    G=(none)   M=C:\FIVETECH\HB32_BCC7_1905\LIB\HBPP.LIB|pptable ACBP=A9
 0001:00130CD0 0000A719 C=CODE    S=_TEXT    G=(none)   M=C:\FIVETECH\HB32_BCC7_1905\LIB\HBPP.LIB|ppcore ACBP=A9
 0001:0013B3EC 0000002C C=CODE    S=_TEXT    G=(none)   M=C:\FIVETECH\HB32_BCC7_1905\LIB\HBCPAGE.LIB|cpcs852 ACBP=A9
 0001:0013B418 0000002C C=CODE    S=_TEXT    G=(none)   M=C:\FIVETECH\HB32_BCC7_1905\LIB\HBCPAGE.LIB|cpde850 ACBP=A9
 0001:0013B444 0000002C C=CODE    S=_TEXT    G=(none)   M=C:\FIVETECH\HB32_BCC7_1905\LIB\HBCPAGE.LIB|cpel737 ACBP=A9
 0001:0013B470 0000002C C=CODE    S=_TEXT    G=(none)   M=C:\FIVETECH\HB32_BCC7_1905\LIB\HBCPAGE.LIB|cpeswin ACBP=A9
 0001:0013B49C 000000AC C=CODE    S=_TEXT    G=(none)   M=C:\FIVETECH\HB32_BCC7_1905\LIB\HBWIN.LIB|oleauto ACBP=A9
 0001:0013B548 00000034 C=CODE    S=_TEXT    G=(none)   M=C:\FIVETECH\HB32_BCC7_1905\LIB\HBWIN.LIB|axfunc ACBP=A9
 0001:0013B57C 00000048 C=CODE    S=_TEXT    G=(none)   M=C:\FIVETECH\HB32_BCC7_1905\LIB\HBWIN.LIB|win_os ACBP=A9
 0001:0013B5C4 000000C0 C=CODE    S=_TEXT    G=(none)   M=C:\FIVETECH\HB32_BCC7_1905\LIB\HBWIN.LIB|win_reg ACBP=A9
 0001:0013B684 00000A3C C=CODE    S=_TEXT    G=(none)   M=C:\FIVETECH\HB32_BCC7_1905\LIB\HBWIN.LIB|axcore ACBP=A9
 0001:0013C0C0 00003A3C C=CODE    S=_TEXT    G=(none)   M=C:\FIVETECH\HB32_BCC7_1905\LIB\HBWIN.LIB|olecore ACBP=A9
 0001:0013FAFC 0000025E C=CODE    S=_TEXT    G=(none)   M=C:\FIVETECH\HB32_BCC7_1905\LIB\HBWIN.LIB|wapi_alloc ACBP=A9
 0001:0013FD5C 00000026 C=CODE    S=_TEXT    G=(none)   M=C:\FIVETECH\HB32_BCC7_1905\LIB\HBWIN.LIB|wapi_err ACBP=A9
 0001:0013FD84 00000132 C=CODE    S=_TEXT    G=(none)   M=C:\FIVETECH\HB32_BCC7_1905\LIB\HBWIN.LIB|wapi_misc ACBP=A9
 0001:0013FEB8 000000EC C=CODE    S=_TEXT    G=(none)   M=C:\FIVETECH\HB32_BCC7_1905\LIB\HBWIN.LIB|wapi_shellapi ACBP=A9
 0001:0013FFA4 000002AF C=CODE    S=_TEXT    G=(none)   M=C:\FIVETECH\HB32_BCC7_1905\LIB\HBWIN.LIB|wapi_winbase_2 ACBP=A9
 0001:00140254 00001699 C=CODE    S=_TEXT    G=(none)   M=C:\FIVETECH\HB32_BCC7_1905\LIB\HBWIN.LIB|wapi_wingdi ACBP=A9
 0001:001418F0 0000100F C=CODE    S=_TEXT    G=(none)   M=C:\FIVETECH\HB32_BCC7_1905\LIB\HBWIN.LIB|wapi_winuser_1 ACBP=A9
 0001:00142900 00000176 C=CODE    S=_TEXT    G=(none)   M=C:\FIVETECH\HB32_BCC7_1905\LIB\HBWIN.LIB|wapi_winuser_2 ACBP=A9
 0001:00142A78 00000410 C=CODE    S=_TEXT    G=(none)   M=C:\FIVETECH\HB32_BCC7_1905\LIB\HBWIN.LIB|win_misc_1 ACBP=A9
 0001:00142E88 000002B5 C=CODE    S=_TEXT    G=(none)   M=C:\FIVETECH\HB32_BCC7_1905\LIB\HBWIN.LIB|win_osc ACBP=A9
 0001:00143140 000004E2 C=CODE    S=_TEXT    G=(none)   M=C:\FIVETECH\HB32_BCC7_1905\LIB\HBWIN.LIB|win_regc ACBP=A9
 0001:00143624 000062E0 C=CODE    S=_TEXT    G=(none)   M=C:\FIVETECH\HB32_BCC7_1905\LIB\HBCPLR.LIB|harboury ACBP=A9
 0001:00149904 00000FB8 C=CODE    S=_TEXT    G=(none)   M=C:\FIVETECH\HB32_BCC7_1905\LIB\HBCPLR.LIB|cmdcheck ACBP=A9
 0001:0014A8BC 00000703 C=CODE    S=_TEXT    G=(none)   M=C:\FIVETECH\HB32_BCC7_1905\LIB\HBCPLR.LIB|compi18n ACBP=A9
 0001:0014AFC0 00002899 C=CODE    S=_TEXT    G=(none)   M=C:\FIVETECH\HB32_BCC7_1905\LIB\HBCPLR.LIB|complex ACBP=A9
 0001:0014D85C 000009AF C=CODE    S=_TEXT    G=(none)   M=C:\FIVETECH\HB32_BCC7_1905\LIB\HBCPLR.LIB|expropta ACBP=A9
 0001:0014E20C 00006E54 C=CODE    S=_TEXT    G=(none)   M=C:\FIVETECH\HB32_BCC7_1905\LIB\HBCPLR.LIB|exproptb ACBP=A9
 0001:00155060 00004494 C=CODE    S=_TEXT    G=(none)   M=C:\FIVETECH\HB32_BCC7_1905\LIB\HBCPLR.LIB|genc ACBP=A9
 0001:001594F4 00004B30 C=CODE    S=_TEXT    G=(none)   M=C:\FIVETECH\HB32_BCC7_1905\LIB\HBCPLR.LIB|gencc ACBP=A9
 0001:0015E024 0000028F C=CODE    S=_TEXT    G=(none)   M=C:\FIVETECH\HB32_BCC7_1905\LIB\HBCPLR.LIB|genhrb ACBP=A9
 0001:0015E2B4 00000494 C=CODE    S=_TEXT    G=(none)   M=C:\FIVETECH\HB32_BCC7_1905\LIB\HBCPLR.LIB|hbcmplib ACBP=A9
 0001:0015E748 000005E6 C=CODE    S=_TEXT    G=(none)   M=C:\FIVETECH\HB32_BCC7_1905\LIB\HBCPLR.LIB|hbcomp ACBP=A9
 0001:0015ED30 00000250 C=CODE    S=_TEXT    G=(none)   M=C:\FIVETECH\HB32_BCC7_1905\LIB\HBCPLR.LIB|hbdbginf ACBP=A9
 0001:0015EF80 00000895 C=CODE    S=_TEXT    G=(none)   M=C:\FIVETECH\HB32_BCC7_1905\LIB\HBCPLR.LIB|hbdead ACBP=A9
 0001:0015F818 00000137 C=CODE    S=_TEXT    G=(none)   M=C:\FIVETECH\HB32_BCC7_1905\LIB\HBCPLR.LIB|hbfix ACBP=A9
 0001:0015F950 0000016E C=CODE    S=_TEXT    G=(none)   M=C:\FIVETECH\HB32_BCC7_1905\LIB\HBCPLR.LIB|hbfunchk ACBP=A9
 0001:0015FAC0 000002E4 C=CODE    S=_TEXT    G=(none)   M=C:\FIVETECH\HB32_BCC7_1905\LIB\HBCPLR.LIB|hbgenerr ACBP=A9
 0001:0015FDA4 0000010D C=CODE    S=_TEXT    G=(none)   M=C:\FIVETECH\HB32_BCC7_1905\LIB\HBCPLR.LIB|hbident ACBP=A9
 0001:0015FEB4 000003DD C=CODE    S=_TEXT    G=(none)   M=C:\FIVETECH\HB32_BCC7_1905\LIB\HBCPLR.LIB|hblbl ACBP=A9
 0001:00160294 00005896 C=CODE    S=_TEXT    G=(none)   M=C:\FIVETECH\HB32_BCC7_1905\LIB\HBCPLR.LIB|hbmain ACBP=A9
 0001:00165B2C 00002120 C=CODE    S=_TEXT    G=(none)   M=C:\FIVETECH\HB32_BCC7_1905\LIB\HBCPLR.LIB|hbopt ACBP=A9
 0001:00167C4C 0000058F C=CODE    S=_TEXT    G=(none)   M=C:\FIVETECH\HB32_BCC7_1905\LIB\HBCPLR.LIB|hbpcode ACBP=A9
 0001:001681DC 00000102 C=CODE    S=_TEXT    G=(none)   M=C:\FIVETECH\HB32_BCC7_1905\LIB\HBCPLR.LIB|hbstripl ACBP=A9
 0001:001682E0 0000012A C=CODE    S=_TEXT    G=(none)   M=C:\FIVETECH\HB32_BCC7_1905\LIB\HBCPLR.LIB|hbusage ACBP=A9
 0001:0016840C 0000088F C=CODE    S=_TEXT    G=(none)   M=C:\FIVETECH\HB32_BCC7_1905\LIB\HBCPLR.LIB|ppcomp ACBP=A9
 0001:00168C9C 000000C0 C=CODE    S=_TEXT    G=(none)   M=C:\FIVETECH\HB32_BCC7_1905\LIB\HBCT.LIB|ctmisc ACBP=A9
 0001:00168D5C 0000005C C=CODE    S=_TEXT    G=(none)   M=C:\FIVETECH\HB32_BCC7_1905\LIB\HBCT.LIB|cttime ACBP=A9
 0001:00168DB8 000003C5 C=CODE    S=_TEXT    G=(none)   M=C:\FIVETECH\HB32_BCC7_1905\LIB\HBCT.LIB|atnum ACBP=A9
 0001:00169180 000001C3 C=CODE    S=_TEXT    G=(none)   M=C:\FIVETECH\HB32_BCC7_1905\LIB\HBCT.LIB|blank ACBP=A9
 0001:00169344 00000158 C=CODE    S=_TEXT    G=(none)   M=C:\FIVETECH\HB32_BCC7_1905\LIB\HBCT.LIB|charmirr ACBP=A9
 0001:0016949C 00000329 C=CODE    S=_TEXT    G=(none)   M=C:\FIVETECH\HB32_BCC7_1905\LIB\HBCT.LIB|charone ACBP=A9
 0001:001697C8 00000251 C=CODE    S=_TEXT    G=(none)   M=C:\FIVETECH\HB32_BCC7_1905\LIB\HBCT.LIB|charonly ACBP=A9
 0001:00169A1C 00000252 C=CODE    S=_TEXT    G=(none)   M=C:\FIVETECH\HB32_BCC7_1905\LIB\HBCT.LIB|charrepl ACBP=A9
 0001:00169C70 00000205 C=CODE    S=_TEXT    G=(none)   M=C:\FIVETECH\HB32_BCC7_1905\LIB\HBCT.LIB|charswap ACBP=A9
 0001:00169E78 000002DB C=CODE    S=_TEXT    G=(none)   M=C:\FIVETECH\HB32_BCC7_1905\LIB\HBCT.LIB|ctc ACBP=A9
 0001:0016A154 000000AA C=CODE    S=_TEXT    G=(none)   M=C:\FIVETECH\HB32_BCC7_1905\LIB\HBCT.LIB|ctmath ACBP=A9
 0001:0016A200 0000047D C=CODE    S=_TEXT    G=(none)   M=C:\FIVETECH\HB32_BCC7_1905\LIB\HBCT.LIB|ctmath2 ACBP=A9
 0001:0016A680 000002CB C=CODE    S=_TEXT    G=(none)   M=C:\FIVETECH\HB32_BCC7_1905\LIB\HBCT.LIB|ctnet ACBP=A9
 0001:0016A94C 000004C4 C=CODE    S=_TEXT    G=(none)   M=C:\FIVETECH\HB32_BCC7_1905\LIB\HBCT.LIB|ctstr ACBP=A9
 0001:0016AE10 0000045E C=CODE    S=_TEXT    G=(none)   M=C:\FIVETECH\HB32_BCC7_1905\LIB\HBCT.LIB|ctstrfil ACBP=A9
 0001:0016B270 00000463 C=CODE    S=_TEXT    G=(none)   M=C:\FIVETECH\HB32_BCC7_1905\LIB\HBCT.LIB|datetime ACBP=A9
 0001:0016B6D4 00000964 C=CODE    S=_TEXT    G=(none)   M=C:\FIVETECH\HB32_BCC7_1905\LIB\HBCT.LIB|dattime2 ACBP=A9
 0001:0016C038 0000036C C=CODE    S=_TEXT    G=(none)   M=C:\FIVETECH\HB32_BCC7_1905\LIB\HBCT.LIB|disk ACBP=A9
 0001:0016C3A4 0000018A C=CODE    S=_TEXT    G=(none)   M=C:\FIVETECH\HB32_BCC7_1905\LIB\HBCT.LIB|numat ACBP=A9
 0001:0016C530 00000477 C=CODE    S=_TEXT    G=(none)   M=C:\FIVETECH\HB32_BCC7_1905\LIB\HBCT.LIB|range ACBP=A9
 0001:0016C9A8 00000125 C=CODE    S=_TEXT    G=(none)   M=C:\FIVETECH\HB32_BCC7_1905\LIB\HBCT.LIB|remove ACBP=A9
 0001:0016CAD0 00000744 C=CODE    S=_TEXT    G=(none)   M=C:\FIVETECH\HB32_BCC7_1905\LIB\HBCT.LIB|token1 ACBP=A9
 0001:0016D214 00000044 C=CODE    S=_TEXT    G=(none)   M=C:\FIVETECH\HB32_BCC7_1905\LIB\HBPCRE.LIB|chartabs ACBP=A9
 0001:0016D214 0000916B C=CODE    S=_TEXT    G=(none)   M=C:\FIVETECH\HB32_BCC7_1905\LIB\HBPCRE.LIB|pcrecomp ACBP=A9
 0001:00176380 00000141 C=CODE    S=_TEXT    G=(none)   M=C:\FIVETECH\HB32_BCC7_1905\LIB\HBPCRE.LIB|pcreconf ACBP=A9
 0001:001764C4 00011DA6 C=CODE    S=_TEXT    G=(none)   M=C:\FIVETECH\HB32_BCC7_1905\LIB\HBPCRE.LIB|pcreexec ACBP=A9
 0001:0018826A 00000044 C=CODE    S=_TEXT    G=(none)   M=C:\FIVETECH\HB32_BCC7_1905\LIB\HBPCRE.LIB|pcreglob ACBP=A9
 0001:0018826C 0000042A C=CODE    S=_TEXT    G=(none)   M=C:\FIVETECH\HB32_BCC7_1905\LIB\HBPCRE.LIB|pcrenewl ACBP=A9
 0001:00188698 00000093 C=CODE    S=_TEXT    G=(none)   M=C:\FIVETECH\HB32_BCC7_1905\LIB\HBPCRE.LIB|pcreoutf ACBP=A9
 0001:0018872B 00000044 C=CODE    S=_TEXT    G=(none)   M=C:\FIVETECH\HB32_BCC7_1905\LIB\HBPCRE.LIB|pcretabs ACBP=A9
 0001:0018872B 00000044 C=CODE    S=_TEXT    G=(none)   M=C:\FIVETECH\HB32_BCC7_1905\LIB\HBPCRE.LIB|pcreucd ACBP=A9
 0001:0018872C 0000043A C=CODE    S=_TEXT    G=(none)   M=C:\FIVETECH\HB32_BCC7_1905\LIB\HBPCRE.LIB|pcrevutf ACBP=A9
 0001:00188B68 00000847 C=CODE    S=_TEXT    G=(none)   M=C:\FIVETECH\HB32_BCC7_1905\LIB\HBPCRE.LIB|pcrexcls ACBP=A9
 0001:001893B0 0000005C C=CODE    S=_TEXT    G=(none)   M=C:\FIVETECH\HB32_BCC7_1905\LIB\XHB.LIB|decode ACBP=A9
 0001:0018940C 00000034 C=CODE    S=_TEXT    G=(none)   M=C:\FIVETECH\HB32_BCC7_1905\LIB\XHB.LIB|regexrpl ACBP=A9
 0001:00189440 00000214 C=CODE    S=_TEXT    G=(none)   M=C:\FIVETECH\HB32_BCC7_1905\LIB\XHB.LIB|txml ACBP=A9
 0001:00189654 00000034 C=CODE    S=_TEXT    G=(none)   M=C:\FIVETECH\HB32_BCC7_1905\LIB\XHB.LIB|xhbmisc ACBP=A9
 0001:00189688 00000200 C=CODE    S=_TEXT    G=(none)   M=C:\FIVETECH\HB32_BCC7_1905\LIB\XHB.LIB|xhbole ACBP=A9
 0001:00189888 000008D3 C=CODE    S=_TEXT    G=(none)   M=C:\FIVETECH\HB32_BCC7_1905\LIB\XHB.LIB|fparse ACBP=A9
 0001:0018A15C 000004AB C=CODE    S=_TEXT    G=(none)   M=C:\FIVETECH\HB32_BCC7_1905\LIB\XHB.LIB|freadlin ACBP=A9
 0001:0018A608 00002EFD C=CODE    S=_TEXT    G=(none)   M=C:\FIVETECH\HB32_BCC7_1905\LIB\XHB.LIB|hbxml ACBP=A9
 0001:0018D508 00000316 C=CODE    S=_TEXT    G=(none)   M=C:\FIVETECH\HB32_BCC7_1905\LIB\XHB.LIB|xhbat ACBP=A9
 0001:0018D820 00000036 C=CODE    S=_TEXT    G=(none)   M=C:\FIVETECH\HB32_BCC7_1905\LIB\XHB.LIB|xhbdate ACBP=A9
 0001:0018D858 0000002F C=CODE    S=_TEXT    G=(none)   M=C:\FIVETECH\HB32_BCC7_1905\LIB\XHB.LIB|xhbenum ACBP=A9
 0001:0018D888 000004B6 C=CODE    S=_TEXT    G=(none)   M=C:\FIVETECH\HB32_BCC7_1905\LIB\XHB.LIB|xhbfunc ACBP=A9
 0001:0018DD40 00000106 C=CODE    S=_TEXT    G=(none)   M=C:\FIVETECH\HB32_BCC7_1905\LIB\XHB.LIB|xhbhash ACBP=A9
 0001:0018DE48 00000006 C=CODE    S=_TEXT    G=(none)   M=C:\FIVETECH\HB32_BCC7_1905\LIB\XHB.LIB|xhbi18n ACBP=A9
 0001:0018DE50 00000051 C=CODE    S=_TEXT    G=(none)   M=C:\FIVETECH\HB32_BCC7_1905\LIB\XHB.LIB|xhbmtc ACBP=A9
 0001:0018DEA4 00000034 C=CODE    S=_TEXT    G=(none)   M=C:\FIVETECH\HB32_BCC7_1905\LIB\XHB.LIB|xhbolec ACBP=A9
 0001:0018DED8 0000008C C=CODE    S=_TEXT    G=(none)   M=C:\FIVETECH\HB32_BCC7_1905\LIB\XHB.LIB|xhbqself ACBP=A9
 0001:0018DF64 00000091 C=CODE    S=_TEXT    G=(none)   M=C:\FIVETECH\HB32_BCC7_1905\LIB\XHB.LIB|xhbwin ACBP=A9
 0001:0018DFF8 0000004F C=CODE    S=_TEXT    G=(none)   M=C:\FIVETECH\HB32_BCC7_1905\LIB\XHB.LIB|xthrow ACBP=A9
 0001:0018E048 0000009E C=CODE    S=_TEXT    G=(none)   M=C:\FIVETECH\HB32_BCC7_1905\LIB\XHB.LIB|xwin_ver ACBP=A9
 0001:0018E0E8 00000188 C=CODE    S=_TEXT    G=(none)   M=C:\FIVETECH\HB32_BCC7_1905\LIB\HBZIPARC.LIB|ziparc ACBP=A9
 0001:0018E270 00001EC6 C=CODE    S=_TEXT    G=(none)   M=C:\FIVETECH\HB32_BCC7_1905\LIB\HBMZIP.LIB|mzip ACBP=A9
 0001:00190138 00000393 C=CODE    S=_TEXT    G=(none)   M=C:\FIVETECH\HB32_BCC7_1905\LIB\HBZLIB.LIB|adler32 ACBP=A9
 0001:001904CC 000002F3 C=CODE    S=_TEXT    G=(none)   M=C:\FIVETECH\HB32_BCC7_1905\LIB\HBZLIB.LIB|crc32 ACBP=A9
 0001:001907C0 00002995 C=CODE    S=_TEXT    G=(none)   M=C:\FIVETECH\HB32_BCC7_1905\LIB\HBZLIB.LIB|deflate ACBP=A9
 0001:00193158 0000048F C=CODE    S=_TEXT    G=(none)   M=C:\FIVETECH\HB32_BCC7_1905\LIB\HBZLIB.LIB|inffast ACBP=A9
 0001:001935E8 00001F21 C=CODE    S=_TEXT    G=(none)   M=C:\FIVETECH\HB32_BCC7_1905\LIB\HBZLIB.LIB|inflate ACBP=A9
 0001:0019550C 00000425 C=CODE    S=_TEXT    G=(none)   M=C:\FIVETECH\HB32_BCC7_1905\LIB\HBZLIB.LIB|inftrees ACBP=A9
 0001:00195934 00001CB8 C=CODE    S=_TEXT    G=(none)   M=C:\FIVETECH\HB32_BCC7_1905\LIB\HBZLIB.LIB|trees ACBP=A9
 0001:001975EC 000000DB C=CODE    S=_TEXT    G=(none)   M=C:\FIVETECH\HB32_BCC7_1905\LIB\HBZLIB.LIB|zutil ACBP=A9
 0001:001976C8 00000355 C=CODE    S=_TEXT    G=(none)   M=C:\FIVETECH\HB32_BCC7_1905\LIB\MINIZIP.LIB|ioapi ACBP=A9
 0001:00197A20 00002A18 C=CODE    S=_TEXT    G=(none)   M=C:\FIVETECH\HB32_BCC7_1905\LIB\MINIZIP.LIB|zip ACBP=A9
 0001:0019A438 00002500 C=CODE    S=_TEXT    G=(none)   M=C:\FIVETECH\HB32_BCC7_1905\LIB\MINIZIP.LIB|unzip ACBP=A9
 0001:0019C938 00000028 C=CODE    S=_TEXT    G=(none)   M=C:\BCC\BCC7\LIB\CW32.LIB|delaop ACBP=A9
 0001:0019C960 0000002E C=CODE    S=_TEXT    G=(none)   M=C:\BCC\BCC7\LIB\CW32.LIB|delop ACBP=A9
 0001:0019C990 0000009D C=CODE    S=_TEXT    G=(none)   M=C:\BCC\BCC7\LIB\CW32.LIB|exceptio ACBP=A9
 0001:0019CA2D 0000009B C=CODE    S=_TEXT    G=(none)   M=C:\BCC\BCC7\LIB\CW32.LIB|gccex ACBP=A9
 0001:0019CAC8 000011DC C=CODE    S=_TEXT    G=(none)   M=C:\BCC\BCC7\LIB\CW32.LIB|inst ACBP=A9
 0001:0019DCA4 0000245C C=CODE    S=_TEXT    G=(none)   M=C:\BCC\BCC7\LIB\CW32.LIB|ios ACBP=A9
 0001:001A00D8 00004A2E C=CODE    S=_TEXT    G=(none)   M=C:\BCC\BCC7\LIB\CW32.LIB|iostream ACBP=A9
 0001:001A4AE0 000002EF C=CODE    S=_TEXT    G=(none)   M=C:\BCC\BCC7\LIB\CW32.LIB|dwlocale ACBP=A9
 0001:001A4DA8 00002106 C=CODE    S=_TEXT    G=(none)   M=C:\BCC\BCC7\LIB\CW32.LIB|locale0 ACBP=A9
 0001:001A6EAE 00000019 C=CODE    S=_TEXT    G=(none)   M=C:\BCC\BCC7\LIB\CW32.LIB|new ACBP=A9
 0001:001A6EB0 00000074 C=CODE    S=_TEXT    G=(none)   M=C:\BCC\BCC7\LIB\CW32.LIB|newaop ACBP=A9
 0001:001A6ED8 0000011E C=CODE    S=_TEXT    G=(none)   M=C:\BCC\BCC7\LIB\CW32.LIB|newop ACBP=A9
 0001:001A6FD3 00001DC2 C=CODE    S=_TEXT    G=(none)   M=C:\BCC\BCC7\LIB\CW32.LIB|string ACBP=A9
 0001:001A8D70 000043B1 C=CODE    S=_TEXT    G=(none)   M=C:\BCC\BCC7\LIB\CW32.LIB|wiostrea ACBP=A9
 0001:001AD0F9 000000D4 C=CODE    S=_TEXT    G=(none)   M=C:\BCC\BCC7\LIB\CW32.LIB|xlocinfo ACBP=A9
 0001:001AD1D0 00000110 C=CODE    S=_TEXT    G=(none)   M=C:\BCC\BCC7\LIB\CW32.LIB|xstart ACBP=A9
 0001:001AD2E0 00000027 C=CODE    S=_TEXT    G=(none)   M=C:\BCC\BCC7\LIB\CW32.LIB|wchar ACBP=A9
 0001:001AD308 0000014B C=CODE    S=_TEXT    G=(none)   M=C:\BCC\BCC7\LIB\CW32.LIB|hrdir_b ACBP=A9
 0001:001AD454 00000020 C=CODE    S=_TEXT    G=(none)   M=C:\BCC\BCC7\LIB\CW32.LIB|hrdir_mf ACBP=A9
 0001:001AD474 000000DC C=CODE    S=_TEXT    G=(none)   M=C:\BCC\BCC7\LIB\CW32.LIB|hrdir_s ACBP=A9
 0001:001AD550 00000001 C=CODE    S=_TEXT    G=(none)   M=C:\BCC\BCC7\LIB\CW32.LIB|hrdir_us ACBP=A9
 0001:001AD554 000001DF C=CODE    S=_TEXT    G=(none)   M=C:\BCC\BCC7\LIB\CW32.LIB|vnewldtc ACBP=A9
 0001:001AD734 00000DC2 C=CODE    S=_TEXT    G=(none)   M=C:\BCC\BCC7\LIB\CW32.LIB|_fastmm ACBP=A9
 0001:001AE4F8 00000B42 C=CODE    S=_TEXT    G=(none)   M=C:\BCC\BCC7\LIB\CW32.LIB|_fastmma ACBP=A9
 0001:001AF03C 0000004A C=CODE    S=_TEXT    G=(none)   M=C:\BCC\BCC7\LIB\CW32.LIB|heap ACBP=A9
 0001:001AF088 00000065 C=CODE    S=_TEXT    G=(none)   M=C:\BCC\BCC7\LIB\CW32.LIB|realloc ACBP=A9
 0001:001AF0F0 00000001 C=CODE    S=_TEXT    G=(none)   M=C:\BCC\BCC7\LIB\CW32.LIB|crtlst_i ACBP=A9
 0001:001AF0F4 00000001 C=CODE    S=_TEXT    G=(none)   M=C:\BCC\BCC7\LIB\CW32.LIB|crtlst_l ACBP=A9
 0001:001AF0F8 00000032 C=CODE    S=_TEXT    G=(none)   M=C:\BCC\BCC7\LIB\CW32.LIB|strdup ACBP=A9
 0001:001AF12C 00000029 C=CODE    S=_TEXT    G=(none)   M=C:\BCC\BCC7\LIB\CW32.LIB|strrchr ACBP=A9
 0001:001AF158 00000060 C=CODE    S=_TEXT    G=(none)   M=C:\BCC\BCC7\LIB\CW32.LIB|strstr ACBP=A9
 0001:001AF1B8 0000003F C=CODE    S=_TEXT    G=(none)   M=C:\BCC\BCC7\LIB\CW32.LIB|wcscpy ACBP=A9
 0001:001AF1F8 00000018 C=CODE    S=_TEXT    G=(none)   M=C:\BCC\BCC7\LIB\CW32.LIB|wcslen ACBP=A9
 0001:001AF210 0000000A C=CODE    S=_TEXT    G=(none)   M=C:\BCC\BCC7\LIB\CW32.LIB|__strchr ACBP=A9
 0001:001AF21C 00000037 C=CODE    S=_TEXT    G=(none)   M=C:\BCC\BCC7\LIB\CW32.LIB|_stpcpy ACBP=A9
 0001:001AF254 00000055 C=CODE    S=_TEXT    G=(none)   M=C:\BCC\BCC7\LIB\CW32.LIB|memchr ACBP=A9
 0001:001AF2AC 0000006C C=CODE    S=_TEXT    G=(none)   M=C:\BCC\BCC7\LIB\CW32.LIB|memcmp ACBP=A9
 0001:001AF318 00000016 C=CODE    S=_TEXT    G=(none)   M=C:\BCC\BCC7\LIB\CW32.LIB|memcpy ACBP=A9
 0001:001AF330 00000117 C=CODE    S=_TEXT    G=(none)   M=C:\BCC\BCC7\LIB\CW32.LIB|memmove ACBP=A9
 0001:001AF448 000000B3 C=CODE    S=_TEXT    G=(none)   M=C:\BCC\BCC7\LIB\CW32.LIB|memset ACBP=A9
 0001:001AF4FC 0000005D C=CODE    S=_TEXT    G=(none)   M=C:\BCC\BCC7\LIB\CW32.LIB|strcat ACBP=A9
 0001:001AF55C 0000004E C=CODE    S=_TEXT    G=(none)   M=C:\BCC\BCC7\LIB\CW32.LIB|strchr ACBP=A9
 0001:001AF5AC 0000004D C=CODE    S=_TEXT    G=(none)   M=C:\BCC\BCC7\LIB\CW32.LIB|strcmp ACBP=A9
 0001:001AF5FC 00000049 C=CODE    S=_TEXT    G=(none)   M=C:\BCC\BCC7\LIB\CW32.LIB|strcpy ACBP=A9
 0001:001AF648 0000005A C=CODE    S=_TEXT    G=(none)   M=C:\BCC\BCC7\LIB\CW32.LIB|strlen ACBP=A9
 0001:001AF6A4 0000007A C=CODE    S=_TEXT    G=(none)   M=C:\BCC\BCC7\LIB\CW32.LIB|strncat ACBP=A9
 0001:001AF720 0000005F C=CODE    S=_TEXT    G=(none)   M=C:\BCC\BCC7\LIB\CW32.LIB|strncmp ACBP=A9
 0001:001AF780 00000057 C=CODE    S=_TEXT    G=(none)   M=C:\BCC\BCC7\LIB\CW32.LIB|wcscmp ACBP=A9
 0001:001AF7D8 0000001C C=CODE    S=_TEXT    G=(none)   M=C:\BCC\BCC7\LIB\CW32.LIB|wmemcpy ACBP=A9
 0001:001AF7F4 000000DF C=CODE    S=_TEXT    G=(none)   M=C:\BCC\BCC7\LIB\CW32.LIB|wmemset ACBP=A9
 0001:001AF8D4 00000040 C=CODE    S=_TEXT    G=(none)   M=C:\BCC\BCC7\LIB\CW32.LIB|__access ACBP=A9
 0001:001AF914 00000063 C=CODE    S=_TEXT    G=(none)   M=C:\BCC\BCC7\LIB\CW32.LIB|__close ACBP=A9
 0001:001AF978 00000086 C=CODE    S=_TEXT    G=(none)   M=C:\BCC\BCC7\LIB\CW32.LIB|__eof ACBP=A9
 0001:001AFA00 00000047 C=CODE    S=_TEXT    G=(none)   M=C:\BCC\BCC7\LIB\CW32.LIB|__isatty ACBP=A9
 0001:001AFA48 00000076 C=CODE    S=_TEXT    G=(none)   M=C:\BCC\BCC7\LIB\CW32.LIB|__lseek ACBP=A9
 0001:001AFAC0 00000214 C=CODE    S=_TEXT    G=(none)   M=C:\BCC\BCC7\LIB\CW32.LIB|__open ACBP=A9
 0001:001AFCD4 0000019A C=CODE    S=_TEXT    G=(none)   M=C:\BCC\BCC7\LIB\CW32.LIB|__read ACBP=A9
 0001:001AFE70 00000214 C=CODE    S=_TEXT    G=(none)   M=C:\BCC\BCC7\LIB\CW32.LIB|__wopen ACBP=A9
 0001:001B0084 000001DD C=CODE    S=_TEXT    G=(none)   M=C:\BCC\BCC7\LIB\CW32.LIB|__wread ACBP=A9
 0001:001B0264 0000011C C=CODE    S=_TEXT    G=(none)   M=C:\BCC\BCC7\LIB\CW32.LIB|__write ACBP=A9
 0001:001B0380 00000011 C=CODE    S=_TEXT    G=(none)   M=C:\BCC\BCC7\LIB\CW32.LIB|_cfinfo ACBP=A9
 0001:001B0394 00000075 C=CODE    S=_TEXT    G=(none)   M=C:\BCC\BCC7\LIB\CW32.LIB|_read ACBP=A9
 0001:001B0409 00000017 C=CODE    S=_TEXT    G=(none)   M=C:\BCC\BCC7\LIB\CW32.LIB|_umask ACBP=A9
 0001:001B040C 0000002B C=CODE    S=_TEXT    G=(none)   M=C:\BCC\BCC7\LIB\CW32.LIB|_wfsopen ACBP=A9
 0001:001B0438 00000061 C=CODE    S=_TEXT    G=(none)   M=C:\BCC\BCC7\LIB\CW32.LIB|_write ACBP=A9
 0001:001B049C 0000007D C=CODE    S=_TEXT    G=(none)   M=C:\BCC\BCC7\LIB\CW32.LIB|allocbuf ACBP=A9
 0001:001B051C 0000008E C=CODE    S=_TEXT    G=(none)   M=C:\BCC\BCC7\LIB\CW32.LIB|fclose ACBP=A9
 0001:001B05AC 0000007F C=CODE    S=_TEXT    G=(none)   M=C:\BCC\BCC7\LIB\CW32.LIB|fflush ACBP=A9
 0001:001B062C 0000001E C=CODE    S=_TEXT    G=(none)   M=C:\BCC\BCC7\LIB\CW32.LIB|fgetpos ACBP=A9
 0001:001B064C 0000005A C=CODE    S=_TEXT    G=(none)   M=C:\BCC\BCC7\LIB\CW32.LIB|flushout ACBP=A9
 0001:001B06A8 00000023 C=CODE    S=_TEXT    G=(none)   M=C:\BCC\BCC7\LIB\CW32.LIB|fmodeptr ACBP=A9
 0001:001B06CC 0000021B C=CODE    S=_TEXT    G=(none)   M=C:\BCC\BCC7\LIB\CW32.LIB|fopen ACBP=A9
 0001:001B08E8 00000022 C=CODE    S=_TEXT    G=(none)   M=C:\BCC\BCC7\LIB\CW32.LIB|fprintf ACBP=A9
 0001:001B090C 000000DC C=CODE    S=_TEXT    G=(none)   M=C:\BCC\BCC7\LIB\CW32.LIB|fputn ACBP=A9
 0001:001B09E8 00000056 C=CODE    S=_TEXT    G=(none)   M=C:\BCC\BCC7\LIB\CW32.LIB|fputs ACBP=A9
 0001:001B0A40 00000167 C=CODE    S=_TEXT    G=(none)   M=C:\BCC\BCC7\LIB\CW32.LIB|fread ACBP=A9
 0001:001B0BA8 0000002E C=CODE    S=_TEXT    G=(none)   M=C:\BCC\BCC7\LIB\CW32.LIB|freopen ACBP=A9
 0001:001B0BD8 0000014C C=CODE    S=_TEXT    G=(none)   M=C:\BCC\BCC7\LIB\CW32.LIB|fseek ACBP=A9
[...]
 0002:002C0D90  @std@codecvt_base@3
 0002:002C0DAC  @std@%codecvt$cci%@3
 0002:002C0DD8  std::fpos<int>::_Stz
 0002:002C0DDC  std::codecvt<char, char, int>::id
 0002:002C0DE0  __vdflg__ std::codecvt<char, char, int>::id
 0002:002C0DE4  std::_Facetptr<std::codecvt<char, char, int> >::_Psave
 0002:002C0DE8  __odtbl__ std::codecvt_base::~codecvt_base()
 0002:002C0DF8  __ectbl__ std::codecvt_base::~codecvt_base()
 0002:002C0E10  __thrwl__ std::codecvt_base::do_always_noconv() const
 0002:002C0E14  __ectbl__ std::codecvt_base::do_always_noconv() const
 0002:002C0E20  __thrwl__ std::codecvt_base::do_max_length() const
 0002:002C0E24  __ectbl__ std::codecvt_base::do_max_length() const
 0002:002C0E30  __thrwl__ std::codecvt_base::do_encoding() const
 0002:002C0E34  __ectbl__ std::codecvt_base::do_encoding() const
 0002:002C0E40  __odtbl__ std::codecvt<char, char, int>::~codecvt<char, char, int>()
 0002:002C0E50  __ectbl__ std::codecvt<char, char, int>::~codecvt<char, char, int>()
 0002:002C0E68  D2999_1
 0002:002C0F48  std::num_get<char, std::istreambuf_iterator<char, std::char_traits<char> > >::id
 0002:002C0F4C  __vdflg__ std::num_get<char, std::istreambuf_iterator<char, std::char_traits<char> > >::id
 0002:002C0F50  std::num_put<char, std::ostreambuf_iterator<char, std::char_traits<char> > >::id
 0002:002C0F54  __vdflg__ std::num_put<char, std::ostreambuf_iterator<char, std::char_traits<char> > >::id
 0002:002C0F58  std::numpunct<char>::id
 0002:002C0F5C  __vdflg__ std::numpunct<char>::id
 0002:002C0F60  __thrwl__ std::bad_alloc::bad_alloc()
 0002:002C0F64  __odtbl__ std::bad_alloc::bad_alloc()
 0002:002C0F74  __ectbl__ std::bad_alloc::bad_alloc()
 0002:002C0F8C  __ectbl__ std::bad_alloc::bad_alloc(std::bad_alloc&)
 0002:002C0F98  __thrwl__ std::bad_alloc::~bad_alloc()
 0002:002C0F9C  __ectbl__ std::bad_alloc::~bad_alloc()
 0002:002C0FA8  @std@bad_alloc@3
 0002:002C0FBC  @std@locale@_Locimp@3
 0002:002C0FCC  __thrwl__ std::bad_alloc::what() const
 0002:002C0FD0  __ectbl__ std::bad_alloc::what() const
 0002:002C0FDC  D3001_1
 0002:002C1074  __odtbl__ std::_Fac_tidy()
 0002:002C10A4  __ectbl__ std::_Fac_tidy()
 0002:002C10EC  __odtbl__ std::_Deletegloballocale(void *)
 0002:002C10FC  __ectbl__ std::_Deletegloballocale(void *)
 0002:002C112C  __ectbl__ std::_Setgloballocale(void *)
 0002:002C1144  std::locale::_Locimp::_Clocptr
 0002:002C1148  std::locale::id::_Id_cnt
 0002:002C114C  std::ctype<char>::id
 0002:002C1150  __vdflg__ std::ctype<char>::id
 0002:002C1154  std::ctype<wchar_t>::id
 0002:002C1158  __vdflg__ std::ctype<wchar_t>::id
 0002:002C115C  std::codecvt<wchar_t, char, int>::id
 0002:002C1160  __vdflg__ std::codecvt<wchar_t, char, int>::id
 0002:002C1164  std::codecvt<char16_t, char, int>::id
 0002:002C1168  __vdflg__ std::codecvt<char16_t, char, int>::id
 0002:002C116C  std::codecvt<char32_t, char, int>::id
 0002:002C1170  __vdflg__ std::codecvt<char32_t, char, int>::id
 0002:002C1174  std::ctype<char>::table_size
 0002:002C1178  __thrwl__ std::locale::locale()
 0002:002C117C  __odtbl__ std::locale::locale()
 0002:002C118C  __ectbl__ std::locale::locale()
 0002:002C11B0  __odtbl__ std::locale::_Init()
 0002:002C11F0  __ectbl__ std::locale::_Init()
 0002:002C125C  __odtbl__ std::locale::facet::_Register()
 0002:002C126C  __ectbl__ std::locale::facet::_Register()
 0002:002C129C  __odtbl__ std::locale::_Locimp::_Locimp(bool)
 0002:002C12AC  __ectbl__ std::locale::_Locimp::_Locimp(bool)
 0002:002C12D0  __odtbl__ std::locale::_Locimp::~_Locimp()
 0002:002C130C  __ectbl__ std::locale::_Locimp::~_Locimp()
 0002:002C1354  __odtbl__ std::_Locinfo::_Locinfo(std::basic_string<char, std::char_traits<char>, std::allocator<char> >&)
 0002:002C1364  __ectbl__ std::_Locinfo::_Locinfo(std::basic_string<char, std::char_traits<char>, std::allocator<char> >&)
 0002:002C1388  __odtbl__ std::_Locinfo::~_Locinfo()
 0002:002C13B4  __ectbl__ std::_Locinfo::~_Locinfo()
 0002:002C13D8  __odtbl__ std::_Fac_node::~_Fac_node()
 0002:002C13E8  __ectbl__ std::_Fac_node::~_Fac_node()
 0002:002C1418  __odtbl__ std::_Fac_deletable::~_Fac_deletable()
 0002:002C1428  __ectbl__ std::_Fac_deletable::~_Fac_deletable()
 0002:002C1440  @std@_Fac_deletable@3
 0002:002C1450  std::_New_hand
 0002:002C1450  D3003_1
 0002:002C1454  D3005_1
 0002:002C1478  D3009_1
 0002:002C1568  D3014_1
 0002:002C1594  __odtbl__ std::_String_base::_Xlen() const
 0002:002C15C0  __ectbl__ std::_String_base::_Xlen() const
 0002:002C15E4  __odtbl__ std::_String_base::_Xran() const
 0002:002C1610  __ectbl__ std::_String_base::_Xran() const
 0002:002C1634  __thrwl__ std::length_error::~length_error()
 0002:002C1638  __odtbl__ std::length_error::~length_error()
 0002:002C1648  __ectbl__ std::length_error::~length_error()
 0002:002C1660  __ectbl__ std::length_error::length_error(std::length_error&)
 0002:002C166C  __odtbl__ std::logic_error::logic_error(std::basic_string<char, std::char_traits<char>, std::allocator<char> >&)
 0002:002C167C  __ectbl__ std::logic_error::logic_error(std::basic_string<char, std::char_traits<char>, std::allocator<char> >&)
 0002:002C16A0  __thrwl__ std::out_of_range::~out_of_range()
 0002:002C16A4  __odtbl__ std::out_of_range::~out_of_range()
 0002:002C16B4  __ectbl__ std::out_of_range::~out_of_range()
 0002:002C16CC  __ectbl__ std::out_of_range::out_of_range(std::out_of_range&)
 0002:002C16D8  __thrwl__ std::logic_error::~logic_error()
 0002:002C16DC  __odtbl__ std::logic_error::~logic_error()
 0002:002C16EC  __ectbl__ std::logic_error::~logic_error()
 0002:002C1704  @std@logic_error@3
 0002:002C1718  @std@out_of_range@3
 0002:002C172C  @std@length_error@3
 0002:002C1740  __thrwl__ std::logic_error::what() const
 0002:002C1744  __ectbl__ std::logic_error::what() const
 0002:002C1750  D3022_1
 0002:002C17E8  std::_Winit::_Init_cnt
 0002:002C17EC  __odtbl__ std::_Winit::_Winit()
 0002:002C1ADC  __ectbl__ std::_Winit::_Winit()
 0002:002C1E24  __odtbl__ std::_Winit::~_Winit()
 0002:002C1E44  __ectbl__ std::_Winit::~_Winit()
 0002:002C1E68  __odtbl__ std::basic_ios<wchar_t, std::char_traits<wchar_t> >::~basic_ios<wchar_t, std::char_traits<wchar_t> >()
 0002:002C1E78  __ectbl__ std::basic_ios<wchar_t, std::char_traits<wchar_t> >::~basic_ios<wchar_t, std::char_traits<wchar_t> >()
 0002:002C1E90  __odtbl__ std::basic_filebuf<wchar_t, std::char_traits<wchar_t> >::_Endwrite()
 0002:002C1EB0  __ectbl__ std::basic_filebuf<wchar_t, std::char_traits<wchar_t> >::_Endwrite()
 0002:002C1ED4  __odtbl__ std::basic_ostream<wchar_t, std::char_traits<wchar_t> >::~basic_ostream<wchar_t, std::char_traits<wchar_t> >()
 0002:002C1EE4  __ectbl__ std::basic_ostream<wchar_t, std::char_traits<wchar_t> >::~basic_ostream<wchar_t, std::char_traits<wchar_t> >()
 0002:002C1EFC  __odtbl__ std::basic_istream<wchar_t, std::char_traits<wchar_t> >::~basic_istream<wchar_t, std::char_traits<wchar_t> >()
 0002:002C1F0C  __ectbl__ std::basic_istream<wchar_t, std::char_traits<wchar_t> >::~basic_istream<wchar_t, std::char_traits<wchar_t> >()
 0002:002C1F24  __odtbl__ std::basic_filebuf<wchar_t, std::char_traits<wchar_t> >::~basic_filebuf<wchar_t, std::char_traits<wchar_t> >()
 0002:002C1F34  __ectbl__ std::basic_filebuf<wchar_t, std::char_traits<wchar_t> >::~basic_filebuf<wchar_t, std::char_traits<wchar_t> >()
 0002:002C1F4C  @std@%basic_ostream$b19std@%char_traits$b%%@3
 0002:002C1F68  @std@%basic_ios$b19std@%char_traits$b%%@3
 0002:002C1F78  @std@%basic_istream$b19std@%char_traits$b%%@3
 0002:002C1F94  @std@%basic_streambuf$b19std@%char_traits$b%%@3
 0002:002C1FDC  @std@%basic_filebuf$b19std@%char_traits$b%%@3
 0002:002C2024  __ectbl__ std::basic_streambuf<wchar_t, std::char_traits<wchar_t> >::~basic_streambuf<wchar_t, std::char_traits<wchar_t> >()
 0002:002C2030  __odtbl__ std::basic_filebuf<wchar_t, std::char_traits<wchar_t> >::overflow(wchar_t)
 0002:002C2050  __ectbl__ std::basic_filebuf<wchar_t, std::char_traits<wchar_t> >::overflow(wchar_t)
 0002:002C2074  __odtbl__ std::basic_filebuf<wchar_t, std::char_traits<wchar_t> >::uflow()
 0002:002C2094  __ectbl__ std::basic_filebuf<wchar_t, std::char_traits<wchar_t> >::uflow()
 0002:002C20B8  __odtbl__ std::basic_filebuf<wchar_t, std::char_traits<wchar_t> >::imbue(std::locale&)
 0002:002C2130  __ectbl__ std::basic_filebuf<wchar_t, std::char_traits<wchar_t> >::imbue(std::locale&)
 0002:002C219C  @std@%codecvt$bci%@3
 0002:002C21C8  std::_Facetptr<std::codecvt<wchar_t, char, int> >::_Psave
 0002:002C21CC  __odtbl__ std::codecvt<wchar_t, char, int>::~codecvt<wchar_t, char, int>()
 0002:002C21DC  __ectbl__ std::codecvt<wchar_t, char, int>::~codecvt<wchar_t, char, int>()
 0002:002C21F4  __thrwl__ std::codecvt<wchar_t, char, int>::do_always_noconv() const
 0002:002C21F8  __ectbl__ std::codecvt<wchar_t, char, int>::do_always_noconv() const
 0002:002C2204  __thrwl__ std::codecvt<wchar_t, char, int>::do_max_length() const
 0002:002C2208  __ectbl__ std::codecvt<wchar_t, char, int>::do_max_length() const
 0002:002C2214  __thrwl__ std::codecvt<wchar_t, char, int>::do_encoding() const
 0002:002C2218  __ectbl__ std::codecvt<wchar_t, char, int>::do_encoding() const
 0002:002C2224  D3030_1
 0002:002C2424  D3034_1
 0002:002C2488  D3176_1
 0002:002C2598  D3188_1
 0002:002C259C  __heap_redirector
 0002:002C25BC  D3202_0
 0002:002C25BC  __stkchk
 0002:002C25C0  D3218_1
 0002:002C267C  __FastMM_IsMultiThread
 0002:002C267C  D3222_1
 0002:002C267D  __FastMM_ReportMemoryLeaksOnShutdown
 0002:002C267E  __FastMM_NeverSleepOnMMThreadContention
 0002:002C26B0  __FastMM_MemoryManager
 0002:002C26C8  __FastMM_SmallBlockTypes
 0002:002C2DA8  __FastMM_MediumBlocksLocked
 0002:002C2E30  D3512_1
 0002:002C2E30  __cfinfo_get
 0002:002C2E34  __notUmask
 0002:002C2E34  D3544_1
 0002:002C2E38  D3564_0
 0002:002C2E38  __fileinfo
 0002:002C2E3C  D3622_0
 0002:002C2E3C  __streams
 0002:002C32EC  D3624_0
 0002:002C32EC  __nfile
 0002:002C32F0  __openfd
 0002:002C33B8  D3632_0
 0002:002C33B8  __fmode
 0002:002C33BC  D3634_1
 0002:002C33BC  __fmodeptr
 0002:002C33C0  __dosErrorToSV
 0002:002C33C0  D3714_1
 0002:002C34EC  D3733_1
 0002:002C34F8  __sys_errlist
 0002:002C34F8  D3739_1
 0002:002C35C0  __sys_nerr
 0002:002C398C  D3868_1
 0002:002C3A04  D4026_0
 0002:002C3A04  __chartype
 0002:002C3C08  D4028_1
 0002:002C3C08  __localeconvention
 0002:002C3C38  ___force
 0002:002C3C48  D4030_1
 0002:002C3C98  D4032_0
 0002:002C3C98  __lower
 0002:002C3D98  __upper
 0002:002C3D98  D4036_0
 0002:002C3E98  D4052_1
 0002:002C3E98  ___mb_cur_max
 0002:002C3E9C  ___localeLock
 0002:002C3FB0  _CMonetary
 0002:002C3FB0  D4054_0
 0002:002C3FE4  _CNumeric
 0002:002C3FFA  _CTimeDate
 0002:002C40BC  _CLOCALE
 0002:002C40E8  ___locale
 0002:002C420C  D4056_1
 0002:002C4298  D4182_1
 0002:002C42A8  D4188_1
 0002:002C42A8  _e0to7
 0002:002C42F8  _e8
 0002:002C4304  _e16
 0002:002C430E  _e32
 0002:002C4318  _e64
 0002:002C4322  _e128
 0002:002C432C  _e256
 0002:002C4336  _e512
 0002:002C4340  _e1024
 0002:002C434A  _e2048
 0002:002C4354  _e4096
 0002:002C435E  _eINF
 0002:002C4368  D4195_1
 0002:002C4384  D4225_1
 0002:002C4390  __realcvtptr
 0002:002C4390  D4243_1
 0002:002C4394  __nextrealptr
 0002:002C4398  __scantodptr
 0002:002C439C  __scanrsltptr
 0002:002C43F8  D4245_1
 0002:002C43F8  __realcvtwptr
 0002:002C43FC  __nextrealwptr
 0002:002C4400  __scanwtodptr
 0002:002C4404  __scanwrsltptr
 0002:002C4460  __default87
 0002:002C4460  D4247_0
 0002:002C4464  D4253_1
 0002:002C4470  D4261_1
 0002:002C4484  D4263_1
 0002:002C449C  __huge_flt
 0002:002C449C  D4301_0
 0002:002C44A0  __huge_dble
 0002:002C44A8  __huge_ldble
 0002:002C44B2  __max_flt
 0002:002C44B6  __max_dble
 0002:002C44BE  __max_ldble
 0002:002C44C8  __indefinite
 0002:002C44CC  __tiny_ldble
 0002:002C44D8  ___ieee_64_p_inf
 0002:002C44E0  ___ieee_64_n_inf
 0002:002C44E8  ___ieee_64_p_nanq
 0002:002C44F0  ___ieee_64_n_nanq
 0002:002C44F8  ___ieee_64_p_nans
 0002:002C4500  ___ieee_64_n_nans
 0002:002C4508  ___ieee_64_p_zero
 0002:002C4510  ___ieee_64_n_zero
 0002:002C4518  D4311_0
 0002:002C4518  __turboFloat
 0002:002C451C  __floatconvert
 0002:002C4520  D4329_1
 0002:002C452C  D4331_1
 0002:002C453C  D4353_1
 0002:002C453C  __pmatherr
 0002:002C4540  __pmatherrl
 0002:002C4544  D4357_0
 0002:002C4544  __mathwhy
 0002:002C4588  D4367_1
 0002:002C45A4  D4379_1
 0002:002C45AC  D4381_1
 0002:002C45C0  D4383_1
 0002:002C45E8  D4390_1
 0002:002C4610  D4392_1
 0002:002C4638  D4394_1
 0002:002C4644  D4402_1
 0002:002C4654  D4460_1
 0002:002C4654  __kalpha
 0002:002C4656  __kpunct
 0002:002C469C  D4600_1
 0002:002C46C0  D4618_1
 0002:002C46E4  _errno
 0002:002C46E4  D4620_1
 0002:002C46E8  D4622_1
 0002:002C46E8  __messagefunc
 0002:002C46EC  __messagefile
 0002:002C46F8  D4632_1
 0002:002C4718  D4653_1
 0002:002C4754  D4655_0
 0002:002C4754  ___pCallAtExitProcs
 0002:002C4758  __exitbuf
 0002:002C4758  D4691_1
 0002:002C475C  __exitfopen
 0002:002C4760  __exitopen
 0002:002C4764  __setargv_ptr
 0002:002C4764  D4713_0
 0002:002C4768  __exitargv_ptr
 0002:002C476C  D4715_0
 0002:002C476C  __wsetargv_ptr
 0002:002C4770  __wexitargv_ptr
 0002:002C4774  D4717_1
 0002:002C4774  __setargv__
 0002:002C47C8  D4719_1
 0002:002C47C8  __cmdline_escapes
 0002:002C47F0  D4721_1
 0002:002C4814  D4774_0
 0002:002C4814  __argv_expand_ptr
 0002:002C4818  D4776_0
 0002:002C4818  __wargv_expand_ptr
 0002:002C481C  __argv0
 0002:002C481C  D4778_1
 0002:002C483C  D4790_1
 0002:002C483C  __setenvp__
 0002:002C4890  D4804_1
 0002:002C48F0  D4816_0
 0002:002C48F0  __isWindows
 0002:002C48F4  D4817_1
 0002:002C48F8  D4857_0
 0002:002C48F8  __SWeekday
 0002:002C4914  __LWeekday
 0002:002C4930  __SMonth
 0002:002C4960  __LMonth
 0002:002C4990  __AmPm
 0002:002C4998  __Days
 0002:002C49A4  __YDays
 0002:002C4ABC  D4861_1
 0002:002C4ABC  __PREFER_END_STANDARD_TIME
 0002:002C4ABD  __PREFER_START_DAYLIGHT_TIME
 0002:002C4AC4  D4863_1
 0002:002C4AC4  __timezone
 0002:002C4AC8  __daylight
 0002:002C4ACC  __tzname
 0002:002C4ACC  D4865_1
 0002:002C4AE0  D4871_1
 0002:002C4AE4  ___xxPersonality
 0002:002C4AE4  D4898_0
 0002:002C4AE8  D4900_1
 0002:002C4E24  __thrwl__ std::bad_typeid::~bad_typeid()
 0002:002C4E28  __ectbl__ std::bad_typeid::~bad_typeid()
 0002:002C4E34  @std@bad_typeid@3
 0002:002C4E48  ___terminatePTR
 0002:002C4E48  D4902_1
 0002:002C4E4C  ___unexpectdPTR
 0002:002C4E50  D4904_1
 0002:002C4E50  ___CPPexceptionList
 0002:002C4E54  ___exceptFlags
 0002:002C4E58  ___throwFileName
 0002:002C4E5C  ___throwLineNumber
 0002:002C4E60  ___throwExceptionName
 0002:002C4E64  ___exceptStaticBuffP
 0002:002C4E68  ___exceptMemAllocVars
 0002:002C4E6C  ___ExceptStaticXbuff
 0002:002C4EEC  __ExceptVarsSize
 0002:002C4F00  __chtbl__ __call_terminate()
 0002:002C4F20  __ectbl__ __call_terminate()
 0002:002C4F38  D4910_1
 0002:002C4F48  ___debuggerDisableTerminateCallback
 0002:002C4F48  D4944_1
 0002:002C587C  __odtbl__ ___ExceptionHandler(_EXCEPTION_RECORD *, ERRbc *, _CONTEXT *, void *, unsigned long, unsigned long, unsigned long, unsigned long, unsigned long, unsigned long)
 0002:002C588C  __ectbl__ ___ExceptionHandler(_EXCEPTION_RECORD *, ERRbc *, _CONTEXT *, void *, unsigned long, unsigned long, unsigned long, unsigned long, unsigned long, unsigned long)
 0002:002C58B0  __thrwl__ std::bad_exception::bad_exception()
 0002:002C58B4  __odtbl__ std::bad_exception::bad_exception()
 0002:002C58C4  __ectbl__ std::bad_exception::bad_exception()
 0002:002C58DC  __thrwl__ std::bad_exception::~bad_exception()
 0002:002C58E0  __odtbl__ std::bad_exception::~bad_exception()
 0002:002C58F0  __ectbl__ std::bad_exception::~bad_exception()
 0002:002C5908  __ectbl__ std::bad_exception::bad_exception(std::bad_exception&)
 0002:002C5914  @std@bad_exception@3
 0002:002C5928  D4945_0
 0002:002C5928  _GUID_NULL
 0002:002C5938  _IID_IUnknown
 0002:002C5948  _IID_IRichEditOleCallback
 0002:002C5958  _IID_IEnumVARIANT
 0002:002C5968  _IID_IDispatch
 0002:002C5978  _IID_IDataObject
 0002:002C5988  _IID_IPersistStreamInit
 0002:002C5998  _IID_IOleControlSite
 0002:002C59A8  _IID_IProvideClassInfo2
 0002:002C59B8  _IID_IProvideClassInfo
 0002:002C59C8  _IID_IConnectionPointContainer
 0002:002C59D8  _IID_IOleInPlaceSite
 0002:002C59E8  _IID_IOleInPlaceObject
 0002:002C59F8  _IID_IOleInPlaceFrame
 0002:002C5A08  _IID_IOleInPlaceUIWindow
 0002:002C5A18  _IID_IOleWindow
 0002:002C5A28  _IID_IOleObject
 0002:002C5A38  _IID_IOleClientSite
 0003:00000000  B246_2
 0003:00000000  _pHTMLHELP
 0003:00000004  _fp
 0003:00000004  B346_2
 0003:00000008  _nDocLen
 0003:0000000C  B676_2
 0003:0000177C  B680_2
 0003:0000190C  B682_2
 0003:00001A30  B692_2
 0003:00001A30  _gdiplusStartupInput
 0003:00001A40  _gdiplusToken
 0003:00001A44  B726_2
 0003:00001B48  B730_2
 0003:00001BA0  B834_2
 0003:00001C48  B856_2
 0003:00001C4C  B872_2
 0003:00001CEC  B908_1
 0003:00001D64  B912_2
 0003:00001DE0  B932_2
 0003:00001F20  B958_2
 0003:00001F28  B968_2
 0003:00001F6C  B990_2
 0003:00001F84  B992_2
 0003:00001F9C  B1016_2
 0003:00001F9C  _item
 0003:00001FB8  _itemw
 0003:00001FB8  B1018_2
 0003:00001FD4  _fnIsWow64Process
 0003:00001FD4  B1066_2
 0003:00001FD8  B1094_2
 0003:000020E8  B1108_2
 0003:000023E8  B1164_2
 0003:000025E8  B1196_2
 0003:000025F0  B1244_2
 0003:0000267C  B1274_1
 0003:00002680  B1635_2
 0003:00002C2C  _hb_stack
 0003:00002C2C  B1645_2
 0003:00002F18  B1647_2
 0003:00002F30  B1649_2
 0003:00003120  B1717_2
 0003:00003318  B1791_2
 0003:00003328  B1811_2
 0003:000034B8  B1837_2
 0003:00003648  B1863_2
 0003:000037DC  B1865_2
 0003:0000396C  B1869_2
 0003:00003AFC  B2314_2
 0003:00003B08  B2386_2
 0003:00003B18  B2995_2
 0003:00003B18  std::_Ios_init
 0003:00003B20  std::_Wios_init
 0003:00003BD8  std::cin
 0003:00003C28  std::cout
 0003:00003CC8  std::cerr
 0003:00003D10  std::clog
 0003:00003D5C  B2999_2
 0003:00003D64  B3001_2
 0003:00003D74  B3009_2
 0003:00003D78  B3022_2
 0003:00003E80  std::wcin
 0003:00003ED0  std::wcout
 0003:00003F18  std::wcerr
 0003:00003F60  std::wclog
 0003:00003FAC  B3034_2
 0003:00003FB4  __bormm_pfn_FreeMem
 0003:00003FB4  B3176_2
 0003:00003FB8  __bormm_pfn_GetMem
 0003:00003FBC  __bormm_pfn_AllocMem
 0003:00003FC0  __bormm_pfn_ReallocMem
 0003:00003FC4  __bormm_pfn_HeapAddRef
 0003:00003FC8  __bormm_pfn_HeapRelease
 0003:00003FD0  __borlndmm_GetMem
 0003:00003FD4  B3222_2
 0003:00003FE5  __FastMM_AllocSize2SmallBlockTypeIndX4
 0003:0000412C  __FastMM_LastSequentiallyFedMediumBlock
 0003:00004130  __FastMM_MediumSequentialFeedBytesLeft
 0003:00004134  __FastMM_MediumBlockBinGroupBitmap
 0003:00004138  __FastMM_MediumBlockBinBitmaps
 0003:000041B8  __FastMM_MediumBlockBins
 0003:000061D0  B3624_1
 0003:000061D0  __pidtab
 0003:00006298  __handles
 0003:00006360  B3714_2
 0003:00006360  __doserrno
 0003:00006364  B3718_1
 0003:00006368  B3720_1
 0003:0000636C  __tmpnum
 0003:0000636C  B3733_2
 0003:0000637C  __mbctype
 0003:0000637C  B4460_2
 0003:00006480  __mbcsCodePage
 0003:00006484  B4600_2
 0003:00006584  B4618_2
 0003:000065A0  B4634_1
 0003:000065A8  B4717_2
 0003:000065A8  __argv
 0003:000065B4  B4719_2
 0003:000065B8  B4721_2
 0003:000065BC  __environ
 0003:000065BC  B4790_2
 0003:000065C4  __envsize
 0003:000065C8  __env_lock
 0003:000065CC  B4816_1
 0003:000065CC  __C0argc
 0003:000065D0  __C0argv
 0003:000065D4  __C0environ
 0003:000065D8  __oscmd
 0003:000065DC  __osenv
 0003:000065E0  __argc
 0003:000065E4  __dll_table
 0003:000065EC  __ExcRegPtr
 0003:000065F0  __wosenv
 0003:000065F4  __woscmd
 0003:000065F8  __wC0argv
 0003:000065FC  __wC0environ
 0003:00006600  __exe_table
 0003:00006608  __stkbase
 0003:0000660C  B4865_2
 0003:00006614  B4900_2
 0003:00006A1C  B4904_2
 0003:00006A1C  __DestructorCountPtr
 0003:00006A24  __HandlerPtr
 0003:00006A24  B4910_2
 0003:00006A28  __UserHandlerPtr
 0003:00006A2C  B4944_2
 0003:00006A30  ___pCPPdebugHook
 0003:00006A34  _pVCL_add_EH
 0003:00006A38  _pVCL_clear_EH
 0003:00006A3C  _getExceptionObject
 0003:00006A40  _raiseExceptObject
 0004:00000000  T4904_3
 0004:00000000  ___xxInfo
